Archive member included to satisfy reference by file (symbol)

e:/stm32ide/stm32cubeide_1.7.0/stm32cubeide/plugins/com.st.stm32cube.ide.mcu.externaltools.gnu-tools-for-stm32.9-2020-q2-update.win32_2.0.0.202105311346/tools/bin/../lib/gcc/arm-none-eabi/9.3.1/../../../../arm-none-eabi/lib/thumb/v7e-m+fp/hard\libc_nano.a(lib_a-errno.o)
                              ./Core/Src/syscalls.o (__errno)
e:/stm32ide/stm32cubeide_1.7.0/stm32cubeide/plugins/com.st.stm32cube.ide.mcu.externaltools.gnu-tools-for-stm32.9-2020-q2-update.win32_2.0.0.202105311346/tools/bin/../lib/gcc/arm-none-eabi/9.3.1/../../../../arm-none-eabi/lib/thumb/v7e-m+fp/hard\libc_nano.a(lib_a-exit.o)
                              e:/stm32ide/stm32cubeide_1.7.0/stm32cubeide/plugins/com.st.stm32cube.ide.mcu.externaltools.gnu-tools-for-stm32.9-2020-q2-update.win32_2.0.0.202105311346/tools/bin/../lib/gcc/arm-none-eabi/9.3.1/../../../../arm-none-eabi/lib/thumb/v7e-m+fp/hard/crt0.o (exit)
e:/stm32ide/stm32cubeide_1.7.0/stm32cubeide/plugins/com.st.stm32cube.ide.mcu.externaltools.gnu-tools-for-stm32.9-2020-q2-update.win32_2.0.0.202105311346/tools/bin/../lib/gcc/arm-none-eabi/9.3.1/../../../../arm-none-eabi/lib/thumb/v7e-m+fp/hard\libc_nano.a(lib_a-impure.o)
                              e:/stm32ide/stm32cubeide_1.7.0/stm32cubeide/plugins/com.st.stm32cube.ide.mcu.externaltools.gnu-tools-for-stm32.9-2020-q2-update.win32_2.0.0.202105311346/tools/bin/../lib/gcc/arm-none-eabi/9.3.1/../../../../arm-none-eabi/lib/thumb/v7e-m+fp/hard\libc_nano.a(lib_a-exit.o) (_global_impure_ptr)
e:/stm32ide/stm32cubeide_1.7.0/stm32cubeide/plugins/com.st.stm32cube.ide.mcu.externaltools.gnu-tools-for-stm32.9-2020-q2-update.win32_2.0.0.202105311346/tools/bin/../lib/gcc/arm-none-eabi/9.3.1/../../../../arm-none-eabi/lib/thumb/v7e-m+fp/hard\libc_nano.a(lib_a-init.o)
                              e:/stm32ide/stm32cubeide_1.7.0/stm32cubeide/plugins/com.st.stm32cube.ide.mcu.externaltools.gnu-tools-for-stm32.9-2020-q2-update.win32_2.0.0.202105311346/tools/bin/../lib/gcc/arm-none-eabi/9.3.1/../../../../arm-none-eabi/lib/thumb/v7e-m+fp/hard/crt0.o (__libc_init_array)
e:/stm32ide/stm32cubeide_1.7.0/stm32cubeide/plugins/com.st.stm32cube.ide.mcu.externaltools.gnu-tools-for-stm32.9-2020-q2-update.win32_2.0.0.202105311346/tools/bin/../lib/gcc/arm-none-eabi/9.3.1/../../../../arm-none-eabi/lib/thumb/v7e-m+fp/hard\libc_nano.a(lib_a-memset.o)
                              e:/stm32ide/stm32cubeide_1.7.0/stm32cubeide/plugins/com.st.stm32cube.ide.mcu.externaltools.gnu-tools-for-stm32.9-2020-q2-update.win32_2.0.0.202105311346/tools/bin/../lib/gcc/arm-none-eabi/9.3.1/../../../../arm-none-eabi/lib/thumb/v7e-m+fp/hard/crt0.o (memset)
e:/stm32ide/stm32cubeide_1.7.0/stm32cubeide/plugins/com.st.stm32cube.ide.mcu.externaltools.gnu-tools-for-stm32.9-2020-q2-update.win32_2.0.0.202105311346/tools/bin/../lib/gcc/arm-none-eabi/9.3.1/../../../../arm-none-eabi/lib/thumb/v7e-m+fp/hard\libc_nano.a(lib_a-rand.o)
                              ./Core/Src/main.o (rand)
e:/stm32ide/stm32cubeide_1.7.0/stm32cubeide/plugins/com.st.stm32cube.ide.mcu.externaltools.gnu-tools-for-stm32.9-2020-q2-update.win32_2.0.0.202105311346/tools/bin/../lib/gcc/arm-none-eabi/9.3.1/../../../../arm-none-eabi/lib/thumb/v7e-m+fp/hard\libc_nano.a(lib_a-strlen.o)
                              ./Core/Src/lcd.o (strlen)
e:/stm32ide/stm32cubeide_1.7.0/stm32cubeide/plugins/com.st.stm32cube.ide.mcu.externaltools.gnu-tools-for-stm32.9-2020-q2-update.win32_2.0.0.202105311346/tools/bin/../lib/gcc/arm-none-eabi/9.3.1/../../../../arm-none-eabi/lib/thumb/v7e-m+fp/hard\libc_nano.a(lib_a-assert.o)
                              e:/stm32ide/stm32cubeide_1.7.0/stm32cubeide/plugins/com.st.stm32cube.ide.mcu.externaltools.gnu-tools-for-stm32.9-2020-q2-update.win32_2.0.0.202105311346/tools/bin/../lib/gcc/arm-none-eabi/9.3.1/../../../../arm-none-eabi/lib/thumb/v7e-m+fp/hard\libc_nano.a(lib_a-rand.o) (__assert_func)
e:/stm32ide/stm32cubeide_1.7.0/stm32cubeide/plugins/com.st.stm32cube.ide.mcu.externaltools.gnu-tools-for-stm32.9-2020-q2-update.win32_2.0.0.202105311346/tools/bin/../lib/gcc/arm-none-eabi/9.3.1/../../../../arm-none-eabi/lib/thumb/v7e-m+fp/hard\libc_nano.a(lib_a-fprintf.o)
                              e:/stm32ide/stm32cubeide_1.7.0/stm32cubeide/plugins/com.st.stm32cube.ide.mcu.externaltools.gnu-tools-for-stm32.9-2020-q2-update.win32_2.0.0.202105311346/tools/bin/../lib/gcc/arm-none-eabi/9.3.1/../../../../arm-none-eabi/lib/thumb/v7e-m+fp/hard\libc_nano.a(lib_a-assert.o) (fiprintf)
e:/stm32ide/stm32cubeide_1.7.0/stm32cubeide/plugins/com.st.stm32cube.ide.mcu.externaltools.gnu-tools-for-stm32.9-2020-q2-update.win32_2.0.0.202105311346/tools/bin/../lib/gcc/arm-none-eabi/9.3.1/../../../../arm-none-eabi/lib/thumb/v7e-m+fp/hard\libc_nano.a(lib_a-malloc.o)
[...]
Memory Configuration

Name             Origin             Length             Attributes
CCMRAM           0x0000000010000000 0x0000000000010000 xrw
RAM              0x0000000020000000 0x0000000000020000 xrw
FLASH            0x0000000008000000 0x0000000000100000 xr
*default*        0x0000000000000000 0xffffffffffffffff

Linker script and memory map

LOAD e:/stm32ide/stm32cubeide_1.7.0/stm32cubeide/plugins/com.st.stm32cube.ide.mcu.externaltools.gnu-tools-for-stm32.9-2020-q2-update.win32_2.0.0.202105311346/tools/bin/../lib/gcc/arm-none-eabi/9.3.1/thumb/v7e-m+fp/hard/crti.o
LOAD e:/stm32ide/stm32cubeide_1.7.0/stm32cubeide/plugins/com.st.stm32cube.ide.mcu.externaltools.gnu-tools-for-stm32.9-2020-q2-update.win32_2.0.0.202105311346/tools/bin/../lib/gcc/arm-none-eabi/9.3.1/thumb/v7e-m+fp/hard/crtbegin.o
LOAD e:/stm32ide/stm32cubeide_1.7.0/stm32cubeide/plugins/com.st.stm32cube.ide.mcu.externaltools.gnu-tools-for-stm32.9-2020-q2-update.win32_2.0.0.202105311346/tools/bin/../lib/gcc/arm-none-eabi/9.3.1/../../../../arm-none-eabi/lib/thumb/v7e-m+fp/hard/crt0.o
LOAD ./Core/Src/adc.o
LOAD ./Core/Src/at24c.o
LOAD ./Core/Src/button.o
LOAD ./Core/Src/buzzer.o
LOAD ./Core/Src/dma.o
LOAD ./Core/Src/ds3231.o
LOAD ./Core/Src/fsmc.o
LOAD ./Core/Src/gpio.o
LOAD ./Core/Src/i2c.o
LOAD ./Core/Src/lcd.o
LOAD ./Core/Src/led_7seg.o
LOAD ./Core/Src/main.o
LOAD ./Core/Src/picture.o
LOAD ./Core/Src/sensor.o
LOAD ./Core/Src/software_timer.o
LOAD ./Core/Src/spi.o
LOAD ./Core/Src/stm32f4xx_hal_msp.o
LOAD ./Core/Src/stm32f4xx_it.o
LOAD ./Core/Src/syscalls.o
LOAD ./Core/Src/sysmem.o
LOAD ./Core/Src/system_stm32f4xx.o
LOAD ./Core/Src/tim.o
LOAD ./Core/Src/touch.o
LOAD ./Core/Src/utils.o
LOAD ./Core/Startup/startup_stm32f407zetx.o
LOAD ./Drivers/STM32F4xx_HAL_Driver/Src/stm32f4xx_hal.o
LOAD ./Drivers/STM32F4xx_HAL_Driver/Src/stm32f4xx_hal_adc.o
LOAD ./Drivers/STM32F4xx_HAL_Driver/Src/stm32f4xx_hal_adc_ex.o
LOAD ./Drivers/STM32F4xx_HAL_Driver/Src/stm32f4xx_hal_cortex.o
LOAD ./Drivers/STM32F4xx_HAL_Driver/Src/stm32f4xx_hal_dma.o
LOAD ./Drivers/STM32F4xx_HAL_Driver/Src/stm32f4xx_hal_dma_ex.o
LOAD ./Drivers/STM32F4xx_HAL_Driver/Src/stm32f4xx_hal_exti.o
LOAD ./Drivers/STM32F4xx_HAL_Driver/Src/stm32f4xx_hal_flash.o
LOAD ./Drivers/STM32F4xx_HAL_Driver/Src/stm32f4xx_hal_flash_ex.o
LOAD ./Drivers/STM32F4xx_HAL_Driver/Src/stm32f4xx_hal_flash_ramfunc.o
LOAD ./Drivers/STM32F4xx_HAL_Driver/Src/stm32f4xx_hal_gpio.o
LOAD ./Drivers/STM32F4xx_HAL_Driver/Src/stm32f4xx_hal_i2c.o
LOAD ./Drivers/STM32F4xx_HAL_Driver/Src/stm32f4xx_hal_i2c_ex.o
LOAD ./Drivers/STM32F4xx_HAL_Driver/Src/stm32f4xx_hal_pwr.o
LOAD ./Drivers/STM32F4xx_HAL_Driver/Src/stm32f4xx_hal_pwr_ex.o
LOAD ./Drivers/STM32F4xx_HAL_Driver/Src/stm32f4xx_hal_rcc.o
LOAD ./Drivers/STM32F4xx_HAL_Driver/Src/stm32f4xx_hal_rcc_ex.o
LOAD ./Drivers/STM32F4xx_HAL_Driver/Src/stm32f4xx_hal_spi.o
LOAD ./Drivers/STM32F4xx_HAL_Driver/Src/stm32f4xx_hal_sram.o
LOAD ./Drivers/STM32F4xx_HAL_Driver/Src/stm32f4xx_hal_tim.o
LOAD ./Drivers/STM32F4xx_HAL_Driver/Src/stm32f4xx_hal_tim_ex.o
LOAD ./Drivers/STM32F4xx_HAL_Driver/Src/stm32f4xx_ll_adc.o
LOAD ./Drivers/STM32F4xx_HAL_Driver/Src/stm32f4xx_ll_fsmc.o
START GROUP
LOAD e:/stm32ide/stm32cubeide_1.7.0/stm32cubeide/plugins/com.st.stm32cube.ide.mcu.externaltools.gnu-tools-for-stm32.9-2020-q2-update.win32_2.0.0.202105311346/tools/bin/../lib/gcc/arm-none-eabi/9.3.1/../../../../arm-none-eabi/lib/thumb/v7e-m+fp/hard\libc_nano.a
LOAD e:/stm32ide/stm32cubeide_1.7.0/stm32cubeide/plugins/com.st.stm32cube.ide.mcu.externaltools.gnu-tools-for-stm32.9-2020-q2-update.win32_2.0.0.202105311346/tools/bin/../lib/gcc/arm-none-eabi/9.3.1/../../../../arm-none-eabi/lib/thumb/v7e-m+fp/hard\libm.a
END GROUP
START GROUP
LOAD e:/stm32ide/stm32cubeide_1.7.0/stm32cubeide/plugins/com.st.stm32cube.ide.mcu.externaltools.gnu-tools-for-stm32.9-2020-q2-update.win32_2.0.0.202105311346/tools/bin/../lib/gcc/arm-none-eabi/9.3.1/thumb/v7e-m+fp/hard\libgcc.a
LOAD e:/stm32ide/stm32cubeide_1.7.0/stm32cubeide/plugins/com.st.stm32cube.ide.mcu.externaltools.gnu-tools-for-stm32.9-2020-q2-update.win32_2.0.0.202105311346/tools/bin/../lib/gcc/arm-none-eabi/9.3.1/../../../../arm-none-eabi/lib/thumb/v7e-m+fp/hard\libc_nano.a
END GROUP
START GROUP
LOAD e:/stm32ide/stm32cubeide_1.7.0/stm32cubeide/plugins/com.st.stm32cube.ide.mcu.externaltools.gnu-tools-for-stm32.9-2020-q2-update.win32_2.0.0.202105311346/tools/bin/../lib/gcc/arm-none-eabi/9.3.1/thumb/v7e-m+fp/hard\libgcc.a
LOAD e:/stm32ide/stm32cubeide_1.7.0/stm32cubeide/plugins/com.st.stm32cube.ide.mcu.externaltools.gnu-tools-for-stm32.9-2020-q2-update.win32_2.0.0.202105311346/tools/bin/../lib/gcc/arm-none-eabi/9.3.1/../../../../arm-none-eabi/lib/thumb/v7e-m+fp/hard\libc_nano.a
LOAD e:/stm32ide/stm32cubeide_1.7.0/stm32cubeide/plugins/com.st.stm32cube.ide.mcu.externaltools.gnu-tools-for-stm32.9-2020-q2-update.win32_2.0.0.202105311346/tools/bin/../lib/gcc/arm-none-eabi/9.3.1/../../../../arm-none-eabi/lib/thumb/v7e-m+fp/hard\libnosys.a
END GROUP
START GROUP
LOAD e:/stm32ide/stm32cubeide_1.7.0/stm32cubeide/plugins/com.st.stm32cube.ide.mcu.externaltools.gnu-tools-for-stm32.9-2020-q2-update.win32_2.0.0.202105311346/tools/bin/../lib/gcc/arm-none-eabi/9.3.1/thumb/v7e-m+fp/hard\libgcc.a
LOAD e:/stm32ide/stm32cubeide_1.7.0/stm32cubeide/plugins/com.st.stm32cube.ide.mcu.externaltools.gnu-tools-for-stm32.9-2020-q2-update.win32_2.0.0.202105311346/tools/bin/../lib/gcc/arm-none-eabi/9.3.1/../../../../arm-none-eabi/lib/thumb/v7e-m+fp/hard\libc_nano.a
LOAD e:/stm32ide/stm32cubeide_1.7.0/stm32cubeide/plugins/com.st.stm32cube.ide.mcu.externaltools.gnu-tools-for-stm32.9-2020-q2-update.win32_2.0.0.202105311346/tools/bin/../lib/gcc/arm-none-eabi/9.3.1/../../../../arm-none-eabi/lib/thumb/v7e-m+fp/hard\libnosys.a
END GROUP
LOAD e:/stm32ide/stm32cubeide_1.7.0/stm32cubeide/plugins/com.st.stm32cube.ide.mcu.externaltools.gnu-tools-for-stm32.9-2020-q2-update.win32_2.0.0.202105311346/tools/bin/../lib/gcc/arm-none-eabi/9.3.1/thumb/v7e-m+fp/hard/crtend.o
LOAD e:/stm32ide/stm32cubeide_1.7.0/stm32cubeide/plugins/com.st.stm32cube.ide.mcu.externaltools.gnu-tools-for-stm32.9-2020-q2-update.win32_2.0.0.202105311346/tools/bin/../lib/gcc/arm-none-eabi/9.3.1/thumb/v7e-m+fp/hard/crtn.o
                0x0000000020020000                _estack = (ORIGIN (RAM) + LENGTH (RAM))
                0x0000000000000200                _Min_Heap_Size = 0x200
                0x0000000000000400                _Min_Stack_Size = 0x400

.isr_vector     0x0000000008000000      0x188
                0x0000000008000000                . = ALIGN (0x4)
 *(.isr_vector)
 .isr_vector    0x0000000008000000      0x188 ./Core/Startup/startup_stm32f407zetx.o
                0x0000000008000000                g_pfnVectors
                0x0000000008000188                . = ALIGN (0x4)

.text           0x0000000008000190     0x9084
                0x0000000008000190                . = ALIGN (0x4)
 *(.text)
 .text          0x0000000008000190       0x40 e:/stm32ide/stm32cubeide_1.7.0/stm32cubeide/plugins/com.st.stm32cube.ide.mcu.externaltools.gnu-tools-for-stm32.9-2020-q2-update.win32_2.0.0.202105311346/tools/bin/../lib/gcc/arm-none-eabi/9.3.1/thumb/v7e-m+fp/hard/crtbegin.o
 .text          0x00000000080001d0       0xa0 e:/stm32ide/stm32cubeide_1.7.0/stm32cubeide/plugins/com.st.stm32cube.ide.mcu.externaltools.gnu-tools-for-stm32.9-2020-q2-update.win32_2.0.0.202105311346/tools/bin/../lib/gcc/arm-none-eabi/9.3.1/../../../../arm-none-eabi/lib/thumb/v7e-m+fp/hard\libc_nano.a(lib_a-memchr.o)
                0x00000000080001d0                memchr
 .text          0x0000000008000270      0x378 e:/stm32ide/stm32cubeide_1.7.0/stm32cubeide/plugins/com.st.stm32cube.ide.mcu.externaltools.gnu-tools-for-stm32.9-2020-q2-update.win32_2.0.0.202105311346/tools/bin/../lib/gcc/arm-none-eabi/9.3.1/thumb/v7e-m+fp/hard\libgcc.a(_arm_addsubdf3.o)
                0x0000000008000270                __aeabi_drsub
                0x0000000008000278                __aeabi_dsub
                0x0000000008000278                __subdf3
                0x000000000800027c                __aeabi_dadd
                0x000000000800027c                __adddf3
                0x00000000080004f4                __floatunsidf
                0x00000000080004f4                __aeabi_ui2d
                0x0000000008000514                __floatsidf
                0x0000000008000514                __aeabi_i2d
                0x0000000008000538                __aeabi_f2d
                0x0000000008000538                __extendsfdf2
                0x000000000800057c                __floatundidf
                0x000000000800057c                __aeabi_ul2d
                0x000000000800058c                __floatdidf
                0x000000000800058c                __aeabi_l2d
 .text          0x00000000080005e8      0x424 e:/stm32ide/stm32cubeide_1.7.0/stm32cubeide/plugins/com.st.stm32cube.ide.mcu.externaltools.gnu-tools-for-stm32.9-2020-q2-update.win32_2.0.0.202105311346/tools/bin/../lib/gcc/arm-none-eabi/9.3.1/thumb/v7e-m+fp/hard\libgcc.a(_arm_muldivdf3.o)
                0x00000000080005e8                __aeabi_dmul
                0x00000000080005e8                __muldf3
                0x000000000800083c                __divdf3
                0x000000000800083c                __aeabi_ddiv
 .text          0x0000000008000a0c      0x110 e:/stm32ide/stm32cubeide_1.7.0/stm32cubeide/plugins/com.st.stm32cube.ide.mcu.externaltools.gnu-tools-for-stm32.9-2020-q2-update.win32_2.0.0.202105311346/tools/bin/../lib/gcc/arm-none-eabi/9.3.1/thumb/v7e-m+fp/hard\libgcc.a(_arm_cmpdf2.o)
                0x0000000008000a0c                __gtdf2
                0x0000000008000a0c                __gedf2
                0x0000000008000a14                __ltdf2
                0x0000000008000a14                __ledf2
                0x0000000008000a1c                __nedf2
                0x0000000008000a1c                __eqdf2
                0x0000000008000a1c                __cmpdf2
                0x0000000008000a98                __aeabi_cdrcmple
                0x0000000008000aa8                __aeabi_cdcmpeq
                0x0000000008000aa8                __aeabi_cdcmple
                0x0000000008000ab8                __aeabi_dcmpeq
                0x0000000008000acc                __aeabi_dcmplt
                0x0000000008000ae0                __aeabi_dcmple
                0x0000000008000af4                __aeabi_dcmpge
                0x0000000008000b08                __aeabi_dcmpgt
 .text          0x0000000008000b1c       0x2c e:/stm32ide/stm32cubeide_1.7.0/stm32cubeide/plugins/com.st.stm32cube.ide.mcu.externaltools.gnu-tools-for-stm32.9-2020-q2-update.win32_2.0.0.202105311346/tools/bin/../lib/gcc/arm-none-eabi/9.3.1/thumb/v7e-m+fp/hard\libgcc.a(_arm_unorddf2.o)
                0x0000000008000b1c                __unorddf2
                0x0000000008000b1c                __aeabi_dcmpun
 .text          0x0000000008000b48       0x40 e:/stm32ide/stm32cubeide_1.7.0/stm32cubeide/plugins/com.st.stm32cube.ide.mcu.externaltools.gnu-tools-for-stm32.9-2020-q2-update.win32_2.0.0.202105311346/tools/bin/../lib/gcc/arm-none-eabi/9.3.1/thumb/v7e-m+fp/hard\libgcc.a(_arm_fixunsdfsi.o)
                0x0000000008000b48                __aeabi_d2uiz
                0x0000000008000b48                __fixunsdfsi
 .text          0x0000000008000b88       0x30 e:/stm32ide/stm32cubeide_1.7.0/stm32cubeide/plugins/com.st.stm32cube.ide.mcu.externaltools.gnu-tools-for-stm32.9-2020-q2-update.win32_2.0.0.202105311346/tools/bin/../lib/gcc/arm-none-eabi/9.3.1/thumb/v7e-m+fp/hard\libgcc.a(_aeabi_uldivmod.o)
                0x0000000008000b88                __aeabi_uldivmod
 .text          0x0000000008000bb8      0x2c4 e:/stm32ide/stm32cubeide_1.7.0/stm32cubeide/plugins/com.st.stm32cube.ide.mcu.externaltools.gnu-tools-for-stm32.9-2020-q2-update.win32_2.0.0.202105311346/tools/bin/../lib/gcc/arm-none-eabi/9.3.1/thumb/v7e-m+fp/hard\libgcc.a(_udivmoddi4.o)
                0x0000000008000bb8                __udivmoddi4
 .text          0x0000000008000e7c        0x4 e:/stm32ide/stm32cubeide_1.7.0/stm32cubeide/plugins/com.st.stm32cube.ide.mcu.externaltools.gnu-tools-for-stm32.9-2020-q2-update.win32_2.0.0.202105311346/tools/bin/../lib/gcc/arm-none-eabi/9.3.1/thumb/v7e-m+fp/hard\libgcc.a(_dvmd_tls.o)
                0x0000000008000e7c                __aeabi_idiv0
                0x0000000008000e7c                __aeabi_ldiv0
 *(.text*)
 .text.MX_ADC1_Init
                0x0000000008000e80      0x114 ./Core/Src/adc.o
                0x0000000008000e80                MX_ADC1_Init
 .text.HAL_ADC_MspInit
                0x0000000008000f94      0x128 ./Core/Src/adc.o
                0x0000000008000f94                HAL_ADC_MspInit
 .text.at24c_init
                0x00000000080010bc        0xc ./Core/Src/at24c.o
                0x00000000080010bc                at24c_init
 .text.at24c_ReadOneByte
                0x00000000080010c8       0x38 ./Core/Src/at24c.o
                0x00000000080010c8                at24c_ReadOneByte
 .text.at24c_WriteOneByte
                0x0000000008001100       0x3c ./Core/Src/at24c.o
                0x0000000008001100                at24c_WriteOneByte
 .text.at24c_Check
                0x000000000800113c       0x46 ./Core/Src/at24c.o
 .text.at24c_Read
                0x0000000008001182       0x3e ./Core/Src/at24c.o
                0x0000000008001182                at24c_Read
 .text.at24c_Write
                0x00000000080011c0       0x40 ./Core/Src/at24c.o
                0x00000000080011c0                at24c_Write
 .text.button_init
                0x0000000008001200       0x18 ./Core/Src/button.o
                0x0000000008001200                button_init
 .text.MX_DMA_Init
                0x0000000008001218       0x40 ./Core/Src/dma.o
                0x0000000008001218                MX_DMA_Init
 .text.MX_FSMC_Init
                0x0000000008001258       0xf4 ./Core/Src/fsmc.o
                0x0000000008001258                MX_FSMC_Init
 .text.HAL_FSMC_MspInit
                0x000000000800134c       0x98 ./Core/Src/fsmc.o
 .text.HAL_SRAM_MspInit
                0x00000000080013e4       0x14 ./Core/Src/fsmc.o
                0x00000000080013e4                HAL_SRAM_MspInit
 .text.MX_GPIO_Init
                0x00000000080013f8      0x22c ./Core/Src/gpio.o
                0x00000000080013f8                MX_GPIO_Init
 .text.MX_I2C1_Init
                0x0000000008001624       0x5c ./Core/Src/i2c.o
                0x0000000008001624                MX_I2C1_Init
 .text.HAL_I2C_MspInit
                0x0000000008001680       0x90 ./Core/Src/i2c.o
                0x0000000008001680                HAL_I2C_MspInit
 .text.LCD_WR_REG
                0x0000000008001710       0x20 ./Core/Src/lcd.o
                0x0000000008001710                LCD_WR_REG
 .text.LCD_WR_DATA
                0x0000000008001730       0x20 ./Core/Src/lcd.o
 .text.LCD_RD_DATA
                0x0000000008001750       0x24 ./Core/Src/lcd.o
 .text.lcd_AddressSet
                0x0000000008001774       0x98 ./Core/Src/lcd.o
                0x0000000008001774                lcd_AddressSet
 .text.lcd_Clear
                0x000000000800180c       0x64 ./Core/Src/lcd.o
                0x000000000800180c                lcd_Clear
 .text.lcd_Fill
                0x0000000008001870       0x6c ./Core/Src/lcd.o
                0x0000000008001870                lcd_Fill
 .text.lcd_DrawPoint
                0x00000000080018dc       0x2e ./Core/Src/lcd.o
                0x00000000080018dc                lcd_DrawPoint
 .text.lcd_DrawLine
                0x000000000800190a      0x108 ./Core/Src/lcd.o
                0x000000000800190a                lcd_DrawLine
 *fill*         0x0000000008001a12        0x2 
 .text.lcd_ShowChar
                0x0000000008001a14      0x1a0 ./Core/Src/lcd.o
                0x0000000008001a14                lcd_ShowChar
 .text.lcd_SetDir
                0x0000000008001bb4       0x48 ./Core/Src/lcd.o
                0x0000000008001bb4                lcd_SetDir
 .text.lcd_init
                0x0000000008001bfc      0x2c0 ./Core/Src/lcd.o
                0x0000000008001bfc                lcd_init
 .text._draw_circle_8
                0x0000000008001ebc      0x116 ./Core/Src/lcd.o
 .text.lcd_DrawCircle
                0x0000000008001fd2       0xd8 ./Core/Src/lcd.o
                0x0000000008001fd2                lcd_DrawCircle
 *fill*         0x00000000080020aa        0x2 
 .text.lcd_ShowStr
                0x00000000080020ac       0xc8 ./Core/Src/lcd.o
                0x00000000080020ac                lcd_ShowStr
 .text.led7_Scan
                0x0000000008002174      0x118 ./Core/Src/led_7seg.o
                0x0000000008002174                led7_Scan
 .text.main     0x000000000800228c       0x60 ./Core/Src/main.o
                0x000000000800228c                main
 .text.SystemClock_Config
                0x00000000080022ec       0xd4 ./Core/Src/main.o
                0x00000000080022ec                SystemClock_Config
 .text.system_init
                0x00000000080023c0       0x1e ./Core/Src/main.o
                0x00000000080023c0                system_init
 *fill*         0x00000000080023de        0x2 
 .text.test_LedDebug
                0x00000000080023e0       0x48 ./Core/Src/main.o
                0x00000000080023e0                test_LedDebug
 .text.isButtonStart
                0x0000000008002428       0x46 ./Core/Src/main.o
                0x0000000008002428                isButtonStart
 *fill*         0x000000000800246e        0x2 
 .text.initGame
                0x0000000008002470       0x48 ./Core/Src/main.o
                0x0000000008002470                initGame
 .text.generateFood
                0x00000000080024b8       0x48 ./Core/Src/main.o
                0x00000000080024b8                generateFood
 .text.drawSnake
                0x0000000008002500       0x90 ./Core/Src/main.o
                0x0000000008002500                drawSnake
 .text.drawFood
                0x0000000008002590       0x60 ./Core/Src/main.o
                0x0000000008002590                drawFood
 .text.checkCollision
                0x00000000080025f0       0x7c ./Core/Src/main.o
                0x00000000080025f0                checkCollision
 .text.checkFood
                0x000000000800266c       0x3c ./Core/Src/main.o
                0x000000000800266c                checkFood
 .text.moveSnake
                0x00000000080026a8       0x9c ./Core/Src/main.o
                0x00000000080026a8                moveSnake
 .text.touchProcess
                0x0000000008002744      0x1b4 ./Core/Src/main.o
                0x0000000008002744                touchProcess
 .text.handleDirection
                0x00000000080028f8       0xb0 ./Core/Src/main.o
                0x00000000080028f8                handleDirection
 .text.Error_Handler
                0x00000000080029a8        0xa ./Core/Src/main.o
                0x00000000080029a8                Error_Handler
 *fill*         0x00000000080029b2        0x2 
 .text.timer_init
                0x00000000080029b4       0x1c ./Core/Src/software_timer.o
                0x00000000080029b4                timer_init
 .text.setTimer2
                0x00000000080029d0       0x38 ./Core/Src/software_timer.o
                0x00000000080029d0                setTimer2
 .text.HAL_TIM_PeriodElapsedCallback
                0x0000000008002a08       0x54 ./Core/Src/software_timer.o
                0x0000000008002a08                HAL_TIM_PeriodElapsedCallback
 .text.delay_us
                0x0000000008002a5c       0x34 ./Core/Src/software_timer.o
                0x0000000008002a5c                delay_us
 .text.MX_SPI1_Init
                0x0000000008002a90       0x6c ./Core/Src/spi.o
                0x0000000008002a90                MX_SPI1_Init
 .text.HAL_SPI_MspInit
                0x0000000008002afc       0x90 ./Core/Src/spi.o
                0x0000000008002afc                HAL_SPI_MspInit
 .text.HAL_MspInit
                0x0000000008002b8c       0x50 ./Core/Src/stm32f4xx_hal_msp.o
                0x0000000008002b8c                HAL_MspInit
 .text.NMI_Handler
                0x0000000008002bdc        0x6 ./Core/Src/stm32f4xx_it.o
                0x0000000008002bdc                NMI_Handler
 .text.HardFault_Handler
                0x0000000008002be2        0x6 ./Core/Src/stm32f4xx_it.o
                0x0000000008002be2                HardFault_Handler
 .text.MemManage_Handler
                0x0000000008002be8        0x6 ./Core/Src/stm32f4xx_it.o
                0x0000000008002be8                MemManage_Handler
 .text.BusFault_Handler
                0x0000000008002bee        0x6 ./Core/Src/stm32f4xx_it.o
                0x0000000008002bee                BusFault_Handler
 .text.UsageFault_Handler
                0x0000000008002bf4        0x6 ./Core/Src/stm32f4xx_it.o
                0x0000000008002bf4                UsageFault_Handler
 .text.SVC_Handler
                0x0000000008002bfa        0xe ./Core/Src/stm32f4xx_it.o
                0x0000000008002bfa                SVC_Handler
 .text.DebugMon_Handler
                0x0000000008002c08        0xe ./Core/Src/stm32f4xx_it.o
                0x0000000008002c08                DebugMon_Handler
 .text.PendSV_Handler
                0x0000000008002c16        0xe ./Core/Src/stm32f4xx_it.o
                0x0000000008002c16                PendSV_Handler
 .text.SysTick_Handler
                0x0000000008002c24        0xc ./Core/Src/stm32f4xx_it.o
                0x0000000008002c24                SysTick_Handler
 .text.TIM2_IRQHandler
                0x0000000008002c30       0x14 ./Core/Src/stm32f4xx_it.o
                0x0000000008002c30                TIM2_IRQHandler
 .text.DMA2_Stream0_IRQHandler
                0x0000000008002c44       0x14 ./Core/Src/stm32f4xx_it.o
                0x0000000008002c44                DMA2_Stream0_IRQHandler
 .text._getpid  0x0000000008002c58       0x10 ./Core/Src/syscalls.o
                0x0000000008002c58                _getpid
 .text._kill    0x0000000008002c68       0x20 ./Core/Src/syscalls.o
                0x0000000008002c68                _kill
 .text._exit    0x0000000008002c88       0x14 ./Core/Src/syscalls.o
                0x0000000008002c88                _exit
 .text._read    0x0000000008002c9c       0x3a ./Core/Src/syscalls.o
                0x0000000008002c9c                _read
 .text._write   0x0000000008002cd6       0x38 ./Core/Src/syscalls.o
                0x0000000008002cd6                _write
 .text._close   0x0000000008002d0e       0x18 ./Core/Src/syscalls.o
                0x0000000008002d0e                _close
 .text._fstat   0x0000000008002d26       0x20 ./Core/Src/syscalls.o
                0x0000000008002d26                _fstat
 .text._isatty  0x0000000008002d46       0x16 ./Core/Src/syscalls.o
                0x0000000008002d46                _isatty
 .text._lseek   0x0000000008002d5c       0x1a ./Core/Src/syscalls.o
                0x0000000008002d5c                _lseek
 *fill*         0x0000000008002d76        0x2 
 .text._sbrk    0x0000000008002d78       0x6c ./Core/Src/sysmem.o
                0x0000000008002d78                _sbrk
 .text.SystemInit
                0x0000000008002de4       0x24 ./Core/Src/system_stm32f4xx.o
                0x0000000008002de4                SystemInit
 .text.MX_TIM1_Init
                0x0000000008002e08       0xa0 ./Core/Src/tim.o
                0x0000000008002e08                MX_TIM1_Init
 .text.MX_TIM2_Init
                0x0000000008002ea8       0x98 ./Core/Src/tim.o
                0x0000000008002ea8                MX_TIM2_Init
 .text.MX_TIM13_Init
                0x0000000008002f40       0x9c ./Core/Src/tim.o
                0x0000000008002f40                MX_TIM13_Init
 .text.HAL_TIM_Base_MspInit
                0x0000000008002fdc       0xa4 ./Core/Src/tim.o
                0x0000000008002fdc                HAL_TIM_Base_MspInit
 .text.HAL_TIM_MspPostInit
                0x0000000008003080       0x74 ./Core/Src/tim.o
                0x0000000008003080                HAL_TIM_MspPostInit
 .text.TP_Write_Byte
                0x00000000080030f4       0x78 ./Core/Src/touch.o
 .text.TP_Read_AD
                0x000000000800316c       0xe0 ./Core/Src/touch.o
 .text.TP_Read_XOY
                0x000000000800324c      0x104 ./Core/Src/touch.o
 .text.TP_Read_XY
                0x0000000008003350       0x44 ./Core/Src/touch.o
 .text.TP_Read_XY2
                0x0000000008003394       0xc4 ./Core/Src/touch.o
 .text.TP_Drow_Touch_Point
                0x0000000008003458       0xae ./Core/Src/touch.o
 *fill*         0x0000000008003506        0x2 
 .text.TP_Scan  0x0000000008003508      0x12c ./Core/Src/touch.o
 .text.TP_Save_Adjdata
                0x0000000008003634       0x20 ./Core/Src/touch.o
 .text.TP_Get_Adjdata
                0x0000000008003654       0x38 ./Core/Src/touch.o
 *fill*         0x000000000800368c        0x4 
 .text.touch_Adjust
                0x0000000008003690      0x7ac ./Core/Src/touch.o
                0x0000000008003690                touch_Adjust
 .text.touch_init
                0x0000000008003e3c       0x20 ./Core/Src/touch.o
                0x0000000008003e3c                touch_init
 .text.touch_Scan
                0x0000000008003e5c       0x14 ./Core/Src/touch.o
                0x0000000008003e5c                touch_Scan
 .text.touch_IsTouched
                0x0000000008003e70       0x24 ./Core/Src/touch.o
                0x0000000008003e70                touch_IsTouched
 .text.touch_GetX
                0x0000000008003e94       0x18 ./Core/Src/touch.o
                0x0000000008003e94                touch_GetX
 .text.touch_GetY
                0x0000000008003eac       0x18 ./Core/Src/touch.o
                0x0000000008003eac                touch_GetY
 .text.Reset_Handler
                0x0000000008003ec4       0x50 ./Core/Startup/startup_stm32f407zetx.o
                0x0000000008003ec4                Reset_Handler
 .text.Default_Handler
                0x0000000008003f14        0x2 ./Core/Startup/startup_stm32f407zetx.o
                0x0000000008003f14                RTC_Alarm_IRQHandler
                0x0000000008003f14                HASH_RNG_IRQHandler
                0x0000000008003f14                EXTI2_IRQHandler
                0x0000000008003f14                TIM8_CC_IRQHandler
                0x0000000008003f14                TIM1_CC_IRQHandler
                0x0000000008003f14                DMA2_Stream5_IRQHandler
                0x0000000008003f14                DMA1_Stream5_IRQHandler
                0x0000000008003f14                PVD_IRQHandler
                0x0000000008003f14                SDIO_IRQHandler
                0x0000000008003f14                TAMP_STAMP_IRQHandler
                0x0000000008003f14                CAN2_RX1_IRQHandler
                0x0000000008003f14                EXTI3_IRQHandler
                0x0000000008003f14                TIM8_TRG_COM_TIM14_IRQHandler
                0x0000000008003f14                TIM1_UP_TIM10_IRQHandler
                0x0000000008003f14                TIM8_UP_TIM13_IRQHandler
                0x0000000008003f14                I2C3_ER_IRQHandler
                0x0000000008003f14                EXTI0_IRQHandler
                0x0000000008003f14                I2C2_EV_IRQHandler
                0x0000000008003f14                DMA1_Stream2_IRQHandler
                0x0000000008003f14                CAN1_RX0_IRQHandler
                0x0000000008003f14                FPU_IRQHandler
                0x0000000008003f14                OTG_HS_WKUP_IRQHandler
                0x0000000008003f14                CAN2_SCE_IRQHandler
                0x0000000008003f14                DMA2_Stream2_IRQHandler
                0x0000000008003f14                SPI1_IRQHandler
                0x0000000008003f14                TIM6_DAC_IRQHandler
                0x0000000008003f14                TIM1_BRK_TIM9_IRQHandler
                0x0000000008003f14                DCMI_IRQHandler
                0x0000000008003f14                CAN2_RX0_IRQHandler
                0x0000000008003f14                DMA2_Stream3_IRQHandler
                0x0000000008003f14                USART6_IRQHandler
                0x0000000008003f14                USART3_IRQHandler
                0x0000000008003f14                CAN1_RX1_IRQHandler
                0x0000000008003f14                UART5_IRQHandler
                0x0000000008003f14                TIM4_IRQHandler
                0x0000000008003f14                I2C1_EV_IRQHandler
                0x0000000008003f14                DMA1_Stream6_IRQHandler
                0x0000000008003f14                DMA1_Stream1_IRQHandler
                0x0000000008003f14                UART4_IRQHandler
                0x0000000008003f14                TIM3_IRQHandler
                0x0000000008003f14                RCC_IRQHandler
                0x0000000008003f14                TIM8_BRK_TIM12_IRQHandler
                0x0000000008003f14                Default_Handler
                0x0000000008003f14                EXTI15_10_IRQHandler
                0x0000000008003f14                ADC_IRQHandler
                0x0000000008003f14                DMA1_Stream7_IRQHandler
                0x0000000008003f14                TIM7_IRQHandler
                0x0000000008003f14                CAN2_TX_IRQHandler
                0x0000000008003f14                TIM5_IRQHandler
                0x0000000008003f14                DMA2_Stream7_IRQHandler
                0x0000000008003f14                I2C3_EV_IRQHandler
                0x0000000008003f14                EXTI9_5_IRQHandler
                0x0000000008003f14                RTC_WKUP_IRQHandler
                0x0000000008003f14                ETH_WKUP_IRQHandler
                0x0000000008003f14                SPI2_IRQHandler
                0x0000000008003f14                OTG_HS_EP1_IN_IRQHandler
                0x0000000008003f14                DMA1_Stream0_IRQHandler
                0x0000000008003f14                CAN1_TX_IRQHandler
                0x0000000008003f14                EXTI4_IRQHandler
                0x0000000008003f14                FSMC_IRQHandler
                0x0000000008003f14                ETH_IRQHandler
                0x0000000008003f14                OTG_HS_EP1_OUT_IRQHandler
                0x0000000008003f14                WWDG_IRQHandler
                0x0000000008003f14                OTG_FS_WKUP_IRQHandler
                0x0000000008003f14                TIM1_TRG_COM_TIM11_IRQHandler
                0x0000000008003f14                OTG_HS_IRQHandler
                0x0000000008003f14                EXTI1_IRQHandler
                0x0000000008003f14                USART2_IRQHandler
                0x0000000008003f14                I2C2_ER_IRQHandler
                0x0000000008003f14                DMA2_Stream1_IRQHandler
                0x0000000008003f14                CAN1_SCE_IRQHandler
                0x0000000008003f14                FLASH_IRQHandler
                0x0000000008003f14                DMA2_Stream4_IRQHandler
                0x0000000008003f14                USART1_IRQHandler
                0x0000000008003f14                OTG_FS_IRQHandler
                0x0000000008003f14                SPI3_IRQHandler
                0x0000000008003f14                DMA1_Stream4_IRQHandler
                0x0000000008003f14                I2C1_ER_IRQHandler
                0x0000000008003f14                DMA2_Stream6_IRQHandler
                0x0000000008003f14                DMA1_Stream3_IRQHandler
 *fill*         0x0000000008003f16        0x2 
 .text.HAL_Init
                0x0000000008003f18       0x44 ./Drivers/STM32F4xx_HAL_Driver/Src/stm32f4xx_hal.o
                0x0000000008003f18                HAL_Init
 .text.HAL_InitTick
                0x0000000008003f5c       0x60 ./Drivers/STM32F4xx_HAL_Driver/Src/stm32f4xx_hal.o
                0x0000000008003f5c                HAL_InitTick
 .text.HAL_IncTick
                0x0000000008003fbc       0x28 ./Drivers/STM32F4xx_HAL_Driver/Src/stm32f4xx_hal.o
                0x0000000008003fbc                HAL_IncTick
 .text.HAL_GetTick
                0x0000000008003fe4       0x18 ./Drivers/STM32F4xx_HAL_Driver/Src/stm32f4xx_hal.o
                0x0000000008003fe4                HAL_GetTick
 .text.HAL_Delay
                0x0000000008003ffc       0x48 ./Drivers/STM32F4xx_HAL_Driver/Src/stm32f4xx_hal.o
                0x0000000008003ffc                HAL_Delay
 .text.HAL_ADC_Init
                0x0000000008004044       0x86 ./Drivers/STM32F4xx_HAL_Driver/Src/stm32f4xx_hal_adc.o
                0x0000000008004044                HAL_ADC_Init
 *fill*         0x00000000080040ca        0x2 
 .text.HAL_ADC_ConfigChannel
                0x00000000080040cc      0x244 ./Drivers/STM32F4xx_HAL_Driver/Src/stm32f4xx_hal_adc.o
                0x00000000080040cc                HAL_ADC_ConfigChannel
 .text.ADC_Init
                0x0000000008004310      0x1f8 ./Drivers/STM32F4xx_HAL_Driver/Src/stm32f4xx_hal_adc.o
 .text.__NVIC_SetPriorityGrouping
                0x0000000008004508       0x48 ./Drivers/STM32F4xx_HAL_Driver/Src/stm32f4xx_hal_cortex.o
 .text.__NVIC_GetPriorityGrouping
                0x0000000008004550       0x1c ./Drivers/STM32F4xx_HAL_Driver/Src/stm32f4xx_hal_cortex.o
 .text.__NVIC_EnableIRQ
                0x000000000800456c       0x3c ./Drivers/STM32F4xx_HAL_Driver/Src/stm32f4xx_hal_cortex.o
 .text.__NVIC_SetPriority
                0x00000000080045a8       0x54 ./Drivers/STM32F4xx_HAL_Driver/Src/stm32f4xx_hal_cortex.o
 .text.NVIC_EncodePriority
                0x00000000080045fc       0x66 ./Drivers/STM32F4xx_HAL_Driver/Src/stm32f4xx_hal_cortex.o
 *fill*         0x0000000008004662        0x2 
 .text.SysTick_Config
                0x0000000008004664       0x44 ./Drivers/STM32F4xx_HAL_Driver/Src/stm32f4xx_hal_cortex.o
 .text.HAL_NVIC_SetPriorityGrouping
                0x00000000080046a8       0x16 ./Drivers/STM32F4xx_HAL_Driver/Src/stm32f4xx_hal_cortex.o
                0x00000000080046a8                HAL_NVIC_SetPriorityGrouping
 .text.HAL_NVIC_SetPriority
                0x00000000080046be       0x38 ./Drivers/STM32F4xx_HAL_Driver/Src/stm32f4xx_hal_cortex.o
                0x00000000080046be                HAL_NVIC_SetPriority
 .text.HAL_NVIC_EnableIRQ
                0x00000000080046f6       0x1c ./Drivers/STM32F4xx_HAL_Driver/Src/stm32f4xx_hal_cortex.o
                0x00000000080046f6                HAL_NVIC_EnableIRQ
 .text.HAL_SYSTICK_Config
                0x0000000008004712       0x18 ./Drivers/STM32F4xx_HAL_Driver/Src/stm32f4xx_hal_cortex.o
                0x0000000008004712                HAL_SYSTICK_Config
 *fill*         0x000000000800472a        0x2 
 .text.HAL_DMA_Init
                0x000000000800472c      0x15c ./Drivers/STM32F4xx_HAL_Driver/Src/stm32f4xx_hal_dma.o
                0x000000000800472c                HAL_DMA_Init
 .text.HAL_DMA_IRQHandler
                0x0000000008004888      0x314 ./Drivers/STM32F4xx_HAL_Driver/Src/stm32f4xx_hal_dma.o
                0x0000000008004888                HAL_DMA_IRQHandler
 .text.DMA_CalcBaseAndBitshift
                0x0000000008004b9c       0x6c ./Drivers/STM32F4xx_HAL_Driver/Src/stm32f4xx_hal_dma.o
 .text.DMA_CheckFifoParam
                0x0000000008004c08       0xf8 ./Drivers/STM32F4xx_HAL_Driver/Src/stm32f4xx_hal_dma.o
 .text.HAL_GPIO_Init
                0x0000000008004d00      0x338 ./Drivers/STM32F4xx_HAL_Driver/Src/stm32f4xx_hal_gpio.o
                0x0000000008004d00                HAL_GPIO_Init
 .text.HAL_GPIO_ReadPin
                0x0000000008005038       0x30 ./Drivers/STM32F4xx_HAL_Driver/Src/stm32f4xx_hal_gpio.o
                0x0000000008005038                HAL_GPIO_ReadPin
 .text.HAL_GPIO_WritePin
                0x0000000008005068       0x32 ./Drivers/STM32F4xx_HAL_Driver/Src/stm32f4xx_hal_gpio.o
                0x0000000008005068                HAL_GPIO_WritePin
 .text.HAL_GPIO_TogglePin
                0x000000000800509a       0x34 ./Drivers/STM32F4xx_HAL_Driver/Src/stm32f4xx_hal_gpio.o
                0x000000000800509a                HAL_GPIO_TogglePin
 *fill*         0x00000000080050ce        0x2 
 .text.HAL_I2C_Init
                0x00000000080050d0      0x288 ./Drivers/STM32F4xx_HAL_Driver/Src/stm32f4xx_hal_i2c.o
                0x00000000080050d0                HAL_I2C_Init
 .text.HAL_I2C_Mem_Write
                0x0000000008005358      0x1f4 ./Drivers/STM32F4xx_HAL_Driver/Src/stm32f4xx_hal_i2c.o
                0x0000000008005358                HAL_I2C_Mem_Write
 .text.HAL_I2C_Mem_Read
                0x000000000800554c      0x44c ./Drivers/STM32F4xx_HAL_Driver/Src/stm32f4xx_hal_i2c.o
                0x000000000800554c                HAL_I2C_Mem_Read
 .text.I2C_RequestMemoryWrite
                0x0000000008005998      0x12c ./Drivers/STM32F4xx_HAL_Driver/Src/stm32f4xx_hal_i2c.o
 .text.I2C_RequestMemoryRead
                0x0000000008005ac4      0x1d0 ./Drivers/STM32F4xx_HAL_Driver/Src/stm32f4xx_hal_i2c.o
 .text.I2C_WaitOnFlagUntilTimeout
                0x0000000008005c94       0xae ./Drivers/STM32F4xx_HAL_Driver/Src/stm32f4xx_hal_i2c.o
 .text.I2C_WaitOnMasterAddressFlagUntilTimeout
                0x0000000008005d42       0xfe ./Drivers/STM32F4xx_HAL_Driver/Src/stm32f4xx_hal_i2c.o
 .text.I2C_WaitOnTXEFlagUntilTimeout
                0x0000000008005e40       0x82 ./Drivers/STM32F4xx_HAL_Driver/Src/stm32f4xx_hal_i2c.o
 .text.I2C_WaitOnBTFFlagUntilTimeout
                0x0000000008005ec2       0x82 ./Drivers/STM32F4xx_HAL_Driver/Src/stm32f4xx_hal_i2c.o
 .text.I2C_WaitOnRXNEFlagUntilTimeout
                0x0000000008005f44       0xac ./Drivers/STM32F4xx_HAL_Driver/Src/stm32f4xx_hal_i2c.o
 .text.I2C_IsAcknowledgeFailed
                0x0000000008005ff0       0x5e ./Drivers/STM32F4xx_HAL_Driver/Src/stm32f4xx_hal_i2c.o
 *fill*         0x000000000800604e        0x2 
 .text.HAL_RCC_OscConfig
                0x0000000008006050      0x4f0 ./Drivers/STM32F4xx_HAL_Driver/Src/stm32f4xx_hal_rcc.o
                0x0000000008006050                HAL_RCC_OscConfig
 .text.HAL_RCC_ClockConfig
                0x0000000008006540      0x1cc ./Drivers/STM32F4xx_HAL_Driver/Src/stm32f4xx_hal_rcc.o
                0x0000000008006540                HAL_RCC_ClockConfig
 .text.HAL_RCC_GetSysClockFreq
                0x000000000800670c      0x1c4 ./Drivers/STM32F4xx_HAL_Driver/Src/stm32f4xx_hal_rcc.o
                0x000000000800670c                HAL_RCC_GetSysClockFreq
 .text.HAL_RCC_GetHCLKFreq
                0x00000000080068d0       0x18 ./Drivers/STM32F4xx_HAL_Driver/Src/stm32f4xx_hal_rcc.o
                0x00000000080068d0                HAL_RCC_GetHCLKFreq
 .text.HAL_RCC_GetPCLK1Freq
                0x00000000080068e8       0x28 ./Drivers/STM32F4xx_HAL_Driver/Src/stm32f4xx_hal_rcc.o
                0x00000000080068e8                HAL_RCC_GetPCLK1Freq
 .text.HAL_SPI_Init
                0x0000000008006910      0x112 ./Drivers/STM32F4xx_HAL_Driver/Src/stm32f4xx_hal_spi.o
                0x0000000008006910                HAL_SPI_Init
 .text.HAL_SPI_Transmit
                0x0000000008006a22      0x278 ./Drivers/STM32F4xx_HAL_Driver/Src/stm32f4xx_hal_spi.o
                0x0000000008006a22                HAL_SPI_Transmit
 *fill*         0x0000000008006c9a        0x2 
 .text.SPI_WaitFlagStateUntilTimeout
                0x0000000008006c9c      0x110 ./Drivers/STM32F4xx_HAL_Driver/Src/stm32f4xx_hal_spi.o
 .text.SPI_EndRxTxTransaction
                0x0000000008006dac       0x84 ./Drivers/STM32F4xx_HAL_Driver/Src/stm32f4xx_hal_spi.o
 .text.HAL_SRAM_Init
                0x0000000008006e30       0x88 ./Drivers/STM32F4xx_HAL_Driver/Src/stm32f4xx_hal_sram.o
                0x0000000008006e30                HAL_SRAM_Init
 .text.HAL_TIM_Base_Init
                0x0000000008006eb8       0x9e ./Drivers/STM32F4xx_HAL_Driver/Src/stm32f4xx_hal_tim.o
                0x0000000008006eb8                HAL_TIM_Base_Init
 *fill*         0x0000000008006f56        0x2 
 .text.HAL_TIM_Base_Start
                0x0000000008006f58       0xd0 ./Drivers/STM32F4xx_HAL_Driver/Src/stm32f4xx_hal_tim.o
                0x0000000008006f58                HAL_TIM_Base_Start
 .text.HAL_TIM_Base_Start_IT
                0x0000000008007028       0xe0 ./Drivers/STM32F4xx_HAL_Driver/Src/stm32f4xx_hal_tim.o
                0x0000000008007028                HAL_TIM_Base_Start_IT
 .text.HAL_TIM_PWM_Init
                0x0000000008007108       0x9e ./Drivers/STM32F4xx_HAL_Driver/Src/stm32f4xx_hal_tim.o
                0x0000000008007108                HAL_TIM_PWM_Init
 .text.HAL_TIM_PWM_MspInit
                0x00000000080071a6       0x14 ./Drivers/STM32F4xx_HAL_Driver/Src/stm32f4xx_hal_tim.o
                0x00000000080071a6                HAL_TIM_PWM_MspInit
 .text.HAL_TIM_IRQHandler
                0x00000000080071ba      0x210 ./Drivers/STM32F4xx_HAL_Driver/Src/stm32f4xx_hal_tim.o
                0x00000000080071ba                HAL_TIM_IRQHandler
 *fill*         0x00000000080073ca        0x2 
 .text.HAL_TIM_PWM_ConfigChannel
                0x00000000080073cc      0x184 ./Drivers/STM32F4xx_HAL_Driver/Src/stm32f4xx_hal_tim.o
                0x00000000080073cc                HAL_TIM_PWM_ConfigChannel
 .text.HAL_TIM_ConfigClockSource
                0x0000000008007550      0x18e ./Drivers/STM32F4xx_HAL_Driver/Src/stm32f4xx_hal_tim.o
                0x0000000008007550                HAL_TIM_ConfigClockSource
 .text.HAL_TIM_OC_DelayElapsedCallback
                0x00000000080076de       0x14 ./Drivers/STM32F4xx_HAL_Driver/Src/stm32f4xx_hal_tim.o
                0x00000000080076de                HAL_TIM_OC_DelayElapsedCallback
 .text.HAL_TIM_IC_CaptureCallback
                0x00000000080076f2       0x14 ./Drivers/STM32F4xx_HAL_Driver/Src/stm32f4xx_hal_tim.o
                0x00000000080076f2                HAL_TIM_IC_CaptureCallback
 .text.HAL_TIM_PWM_PulseFinishedCallback
                0x0000000008007706       0x14 ./Drivers/STM32F4xx_HAL_Driver/Src/stm32f4xx_hal_tim.o
                0x0000000008007706                HAL_TIM_PWM_PulseFinishedCallback
 .text.HAL_TIM_TriggerCallback
                0x000000000800771a       0x14 ./Drivers/STM32F4xx_HAL_Driver/Src/stm32f4xx_hal_tim.o
                0x000000000800771a                HAL_TIM_TriggerCallback
 *fill*         0x000000000800772e        0x2 
 .text.TIM_Base_SetConfig
                0x0000000008007730      0x140 ./Drivers/STM32F4xx_HAL_Driver/Src/stm32f4xx_hal_tim.o
                0x0000000008007730                TIM_Base_SetConfig
 .text.TIM_OC1_SetConfig
                0x0000000008007870       0xe0 ./Drivers/STM32F4xx_HAL_Driver/Src/stm32f4xx_hal_tim.o
 .text.TIM_OC2_SetConfig
                0x0000000008007950       0xec ./Drivers/STM32F4xx_HAL_Driver/Src/stm32f4xx_hal_tim.o
                0x0000000008007950                TIM_OC2_SetConfig
 .text.TIM_OC3_SetConfig
                0x0000000008007a3c       0xe8 ./Drivers/STM32F4xx_HAL_Driver/Src/stm32f4xx_hal_tim.o
 .text.TIM_OC4_SetConfig
                0x0000000008007b24       0xac ./Drivers/STM32F4xx_HAL_Driver/Src/stm32f4xx_hal_tim.o
 .text.TIM_TI1_ConfigInputStage
                0x0000000008007bd0       0x5e ./Drivers/STM32F4xx_HAL_Driver/Src/stm32f4xx_hal_tim.o
 .text.TIM_TI2_ConfigInputStage
                0x0000000008007c2e       0x60 ./Drivers/STM32F4xx_HAL_Driver/Src/stm32f4xx_hal_tim.o
 .text.TIM_ITRx_SetConfig
                0x0000000008007c8e       0x36 ./Drivers/STM32F4xx_HAL_Driver/Src/stm32f4xx_hal_tim.o
 .text.TIM_ETR_SetConfig
                0x0000000008007cc4       0x40 ./Drivers/STM32F4xx_HAL_Driver/Src/stm32f4xx_hal_tim.o
                0x0000000008007cc4                TIM_ETR_SetConfig
 .text.HAL_TIMEx_MasterConfigSynchronization
                0x0000000008007d04       0xf8 ./Drivers/STM32F4xx_HAL_Driver/Src/stm32f4xx_hal_tim_ex.o
                0x0000000008007d04                HAL_TIMEx_MasterConfigSynchronization
 .text.HAL_TIMEx_CommutCallback
                0x0000000008007dfc       0x14 ./Drivers/STM32F4xx_HAL_Driver/Src/stm32f4xx_hal_tim_ex.o
                0x0000000008007dfc                HAL_TIMEx_CommutCallback
 .text.HAL_TIMEx_BreakCallback
                0x0000000008007e10       0x14 ./Drivers/STM32F4xx_HAL_Driver/Src/stm32f4xx_hal_tim_ex.o
                0x0000000008007e10                HAL_TIMEx_BreakCallback
 .text.FSMC_NORSRAM_Init
                0x0000000008007e24       0xa4 ./Drivers/STM32F4xx_HAL_Driver/Src/stm32f4xx_ll_fsmc.o
                0x0000000008007e24                FSMC_NORSRAM_Init
 .text.FSMC_NORSRAM_Timing_Init
                0x0000000008007ec8       0x7a ./Drivers/STM32F4xx_HAL_Driver/Src/stm32f4xx_ll_fsmc.o
                0x0000000008007ec8                FSMC_NORSRAM_Timing_Init
 *fill*         0x0000000008007f42        0x2 
 .text.FSMC_NORSRAM_Extended_Timing_Init
                0x0000000008007f44       0x80 ./Drivers/STM32F4xx_HAL_Driver/Src/stm32f4xx_ll_fsmc.o
                0x0000000008007f44                FSMC_NORSRAM_Extended_Timing_Init
 .text.__errno  0x0000000008007fc4        0xc e:/stm32ide/stm32cubeide_1.7.0/stm32cubeide/plugins/com.st.stm32cube.ide.mcu.externaltools.gnu-tools-for-stm32.9-2020-q2-update.win32_2.0.0.202105311346/tools/bin/../lib/gcc/arm-none-eabi/9.3.1/../../../../arm-none-eabi/lib/thumb/v7e-m+fp/hard\libc_nano.a(lib_a-errno.o)
                0x0000000008007fc4                __errno
 .text.__libc_init_array
                0x0000000008007fd0       0x48 e:/stm32ide/stm32cubeide_1.7.0/stm32cubeide/plugins/com.st.stm32cube.ide.mcu.externaltools.gnu-tools-for-stm32.9-2020-q2-update.win32_2.0.0.202105311346/tools/bin/../lib/gcc/arm-none-eabi/9.3.1/../../../../arm-none-eabi/lib/thumb/v7e-m+fp/hard\libc_nano.a(lib_a-init.o)
                0x0000000008007fd0                __libc_init_array
 .text.memset   0x0000000008008018       0x10 e:/stm32ide/stm32cubeide_1.7.0/stm32cubeide/plugins/com.st.stm32cube.ide.mcu.externaltools.gnu-tools-for-stm32.9-2020-q2-update.win32_2.0.0.202105311346/tools/bin/../lib/gcc/arm-none-eabi/9.3.1/../../../../arm-none-eabi/lib/thumb/v7e-m+fp/hard\libc_nano.a(lib_a-memset.o)
                0x0000000008008018                memset
 .text.rand     0x0000000008008028       0x80 e:/stm32ide/stm32cubeide_1.7.0/stm32cubeide/plugins/com.st.stm32cube.ide.mcu.externaltools.gnu-tools-for-stm32.9-2020-q2-update.win32_2.0.0.202105311346/tools/bin/../lib/gcc/arm-none-eabi/9.3.1/../../../../arm-none-eabi/lib/thumb/v7e-m+fp/hard\libc_nano.a(lib_a-rand.o)
                0x0000000008008028                rand
 .text.__assert_func
                0x00000000080080a8       0x3c e:/stm32ide/stm32cubeide_1.7.0/stm32cubeide/plugins/com.st.stm32cube.ide.mcu.externaltools.gnu-tools-for-stm32.9-2020-q2-update.win32_2.0.0.202105311346/tools/bin/../lib/gcc/arm-none-eabi/9.3.1/../../../../arm-none-eabi/lib/thumb/v7e-m+fp/hard\libc_nano.a(lib_a-assert.o)
                0x00000000080080a8                __assert_func
 .text.fprintf  0x00000000080080e4       0x24 e:/stm32ide/stm32cubeide_1.7.0/stm32cubeide/plugins/com.st.stm32cube.ide.mcu.externaltools.gnu-tools-for-stm32.9-2020-q2-update.win32_2.0.0.202105311346/tools/bin/../lib/gcc/arm-none-eabi/9.3.1/../../../../arm-none-eabi/lib/thumb/v7e-m+fp/hard\libc_nano.a(lib_a-fprintf.o)
                0x00000000080080e4                fiprintf
                0x00000000080080e4                fprintf
 .text.malloc   0x0000000008008108       0x10 e:/stm32ide/stm32cubeide_1.7.0/stm32cubeide/plugins/com.st.stm32cube.ide.mcu.externaltools.gnu-tools-for-stm32.9-2020-q2-update.win32_2.0.0.202105311346/tools/bin/../lib/gcc/arm-none-eabi/9.3.1/../../../../arm-none-eabi/lib/thumb/v7e-m+fp/hard\libc_nano.a(lib_a-malloc.o)
                0x0000000008008108                malloc
 .text._free_r  0x0000000008008118       0xa0 e:/stm32ide/stm32cubeide_1.7.0/stm32cubeide/plugins/com.st.stm32cube.ide.mcu.externaltools.gnu-tools-for-stm32.9-2020-q2-update.win32_2.0.0.202105311346/tools/bin/../lib/gcc/arm-none-eabi/9.3.1/../../../../arm-none-eabi/lib/thumb/v7e-m+fp/hard\libc_nano.a(lib_a-nano-freer.o)
                0x0000000008008118                _free_r
 .text._malloc_r
                0x00000000080081b8       0xb4 e:/stm32ide/stm32cubeide_1.7.0/stm32cubeide/plugins/com.st.stm32cube.ide.mcu.externaltools.gnu-tools-for-stm32.9-2020-q2-update.win32_2.0.0.202105311346/tools/bin/../lib/gcc/arm-none-eabi/9.3.1/../../../../arm-none-eabi/lib/thumb/v7e-m+fp/hard\libc_nano.a(lib_a-nano-mallocr.o)
                0x00000000080081b8                _malloc_r
 .text.__sfputc_r
                0x000000000800826c       0x2e e:/stm32ide/stm32cubeide_1.7.0/stm32cubeide/plugins/com.st.stm32cube.ide.mcu.externaltools.gnu-tools-for-stm32.9-2020-q2-update.win32_2.0.0.202105311346/tools/bin/../lib/gcc/arm-none-eabi/9.3.1/../../../../arm-none-eabi/lib/thumb/v7e-m+fp/hard\libc_nano.a(lib_a-nano-vfprintf.o)
 .text.__sfputs_r
                0x000000000800829a       0x24 e:/stm32ide/stm32cubeide_1.7.0/stm32cubeide/plugins/com.st.stm32cube.ide.mcu.externaltools.gnu-tools-for-stm32.9-2020-q2-update.win32_2.0.0.202105311346/tools/bin/../lib/gcc/arm-none-eabi/9.3.1/../../../../arm-none-eabi/lib/thumb/v7e-m+fp/hard\libc_nano.a(lib_a-nano-vfprintf.o)
                0x000000000800829a                __sfputs_r
 *fill*         0x00000000080082be        0x2 
 .text._vfprintf_r
                0x00000000080082c0      0x260 e:/stm32ide/stm32cubeide_1.7.0/stm32cubeide/plugins/com.st.stm32cube.ide.mcu.externaltools.gnu-tools-for-stm32.9-2020-q2-update.win32_2.0.0.202105311346/tools/bin/../lib/gcc/arm-none-eabi/9.3.1/../../../../arm-none-eabi/lib/thumb/v7e-m+fp/hard\libc_nano.a(lib_a-nano-vfprintf.o)
                0x00000000080082c0                _vfprintf_r
                0x00000000080082c0                _vfiprintf_r
 .text._printf_common
                0x0000000008008520       0xda e:/stm32ide/stm32cubeide_1.7.0/stm32cubeide/plugins/com.st.stm32cube.ide.mcu.externaltools.gnu-tools-for-stm32.9-2020-q2-update.win32_2.0.0.202105311346/tools/bin/../lib/gcc/arm-none-eabi/9.3.1/../../../../arm-none-eabi/lib/thumb/v7e-m+fp/hard\libc_nano.a(lib_a-nano-vfprintf_i.o)
                0x0000000008008520                _printf_common
 *fill*         0x00000000080085fa        0x2 
 .text._printf_i
                0x00000000080085fc      0x24c e:/stm32ide/stm32cubeide_1.7.0/stm32cubeide/plugins/com.st.stm32cube.ide.mcu.externaltools.gnu-tools-for-stm32.9-2020-q2-update.win32_2.0.0.202105311346/tools/bin/../lib/gcc/arm-none-eabi/9.3.1/../../../../arm-none-eabi/lib/thumb/v7e-m+fp/hard\libc_nano.a(lib_a-nano-vfprintf_i.o)
                0x00000000080085fc                _printf_i
 .text._sbrk_r  0x0000000008008848       0x20 e:/stm32ide/stm32cubeide_1.7.0/stm32cubeide/plugins/com.st.stm32cube.ide.mcu.externaltools.gnu-tools-for-stm32.9-2020-q2-update.win32_2.0.0.202105311346/tools/bin/../lib/gcc/arm-none-eabi/9.3.1/../../../../arm-none-eabi/lib/thumb/v7e-m+fp/hard\libc_nano.a(lib_a-sbrkr.o)
                0x0000000008008848                _sbrk_r
 .text.__swbuf_r
                0x0000000008008868       0xa4 e:/stm32ide/stm32cubeide_1.7.0/stm32cubeide/plugins/com.st.stm32cube.ide.mcu.externaltools.gnu-tools-for-stm32.9-2020-q2-update.win32_2.0.0.202105311346/tools/bin/../lib/gcc/arm-none-eabi/9.3.1/../../../../arm-none-eabi/lib/thumb/v7e-m+fp/hard\libc_nano.a(lib_a-wbuf.o)
                0x0000000008008868                __swbuf_r
 .text.__swsetup_r
                0x000000000800890c       0xdc e:/stm32ide/stm32cubeide_1.7.0/stm32cubeide/plugins/com.st.stm32cube.ide.mcu.externaltools.gnu-tools-for-stm32.9-2020-q2-update.win32_2.0.0.202105311346/tools/bin/../lib/gcc/arm-none-eabi/9.3.1/../../../../arm-none-eabi/lib/thumb/v7e-m+fp/hard\libc_nano.a(lib_a-wsetup.o)
                0x000000000800890c                __swsetup_r
 .text.abort    0x00000000080089e8        0xe e:/stm32ide/stm32cubeide_1.7.0/stm32cubeide/plugins/com.st.stm32cube.ide.mcu.externaltools.gnu-tools-for-stm32.9-2020-q2-update.win32_2.0.0.202105311346/tools/bin/../lib/gcc/arm-none-eabi/9.3.1/../../../../arm-none-eabi/lib/thumb/v7e-m+fp/hard\libc_nano.a(lib_a-abort.o)
                0x00000000080089e8                abort
 *fill*         0x00000000080089f6        0x2 
 .text.__sflush_r
                0x00000000080089f8      0x10c e:/stm32ide/stm32cubeide_1.7.0/stm32cubeide/plugins/com.st.stm32cube.ide.mcu.externaltools.gnu-tools-for-stm32.9-2020-q2-update.win32_2.0.0.202105311346/tools/bin/../lib/gcc/arm-none-eabi/9.3.1/../../../../arm-none-eabi/lib/thumb/v7e-m+fp/hard\libc_nano.a(lib_a-fflush.o)
                0x00000000080089f8                __sflush_r
 .text._fflush_r
                0x0000000008008b04       0x78 e:/stm32ide/stm32cubeide_1.7.0/stm32cubeide/plugins/com.st.stm32cube.ide.mcu.externaltools.gnu-tools-for-stm32.9-2020-q2-update.win32_2.0.0.202105311346/tools/bin/../lib/gcc/arm-none-eabi/9.3.1/../../../../arm-none-eabi/lib/thumb/v7e-m+fp/hard\libc_nano.a(lib_a-fflush.o)
                0x0000000008008b04                _fflush_r
 .text.std      0x0000000008008b7c       0x48 e:/stm32ide/stm32cubeide_1.7.0/stm32cubeide/plugins/com.st.stm32cube.ide.mcu.externaltools.gnu-tools-for-stm32.9-2020-q2-update.win32_2.0.0.202105311346/tools/bin/../lib/gcc/arm-none-eabi/9.3.1/../../../../arm-none-eabi/lib/thumb/v7e-m+fp/hard\libc_nano.a(lib_a-findfp.o)
 .text._cleanup_r
                0x0000000008008bc4        0xc e:/stm32ide/stm32cubeide_1.7.0/stm32cubeide/plugins/com.st.stm32cube.ide.mcu.externaltools.gnu-tools-for-stm32.9-2020-q2-update.win32_2.0.0.202105311346/tools/bin/../lib/gcc/arm-none-eabi/9.3.1/../../../../arm-none-eabi/lib/thumb/v7e-m+fp/hard\libc_nano.a(lib_a-findfp.o)
                0x0000000008008bc4                _cleanup_r
 .text.__sfmoreglue
                0x0000000008008bd0       0x2c e:/stm32ide/stm32cubeide_1.7.0/stm32cubeide/plugins/com.st.stm32cube.ide.mcu.externaltools.gnu-tools-for-stm32.9-2020-q2-update.win32_2.0.0.202105311346/tools/bin/../lib/gcc/arm-none-eabi/9.3.1/../../../../arm-none-eabi/lib/thumb/v7e-m+fp/hard\libc_nano.a(lib_a-findfp.o)
                0x0000000008008bd0                __sfmoreglue
 .text.__sfp_lock_acquire
                0x0000000008008bfc        0xc e:/stm32ide/stm32cubeide_1.7.0/stm32cubeide/plugins/com.st.stm32cube.ide.mcu.externaltools.gnu-tools-for-stm32.9-2020-q2-update.win32_2.0.0.202105311346/tools/bin/../lib/gcc/arm-none-eabi/9.3.1/../../../../arm-none-eabi/lib/thumb/v7e-m+fp/hard\libc_nano.a(lib_a-findfp.o)
                0x0000000008008bfc                __sfp_lock_acquire
 .text.__sfp_lock_release
                0x0000000008008c08        0xc e:/stm32ide/stm32cubeide_1.7.0/stm32cubeide/plugins/com.st.stm32cube.ide.mcu.externaltools.gnu-tools-for-stm32.9-2020-q2-update.win32_2.0.0.202105311346/tools/bin/../lib/gcc/arm-none-eabi/9.3.1/../../../../arm-none-eabi/lib/thumb/v7e-m+fp/hard\libc_nano.a(lib_a-findfp.o)
                0x0000000008008c08                __sfp_lock_release
 .text.__sinit_lock_acquire
                0x0000000008008c14        0xc e:/stm32ide/stm32cubeide_1.7.0/stm32cubeide/plugins/com.st.stm32cube.ide.mcu.externaltools.gnu-tools-for-stm32.9-2020-q2-update.win32_2.0.0.202105311346/tools/bin/../lib/gcc/arm-none-eabi/9.3.1/../../../../arm-none-eabi/lib/thumb/v7e-m+fp/hard\libc_nano.a(lib_a-findfp.o)
                0x0000000008008c14                __sinit_lock_acquire
 .text.__sinit_lock_release
                0x0000000008008c20        0xc e:/stm32ide/stm32cubeide_1.7.0/stm32cubeide/plugins/com.st.stm32cube.ide.mcu.externaltools.gnu-tools-for-stm32.9-2020-q2-update.win32_2.0.0.202105311346/tools/bin/../lib/gcc/arm-none-eabi/9.3.1/../../../../arm-none-eabi/lib/thumb/v7e-m+fp/hard\libc_nano.a(lib_a-findfp.o)
                0x0000000008008c20                __sinit_lock_release
 .text.__sinit  0x0000000008008c2c       0x70 e:/stm32ide/stm32cubeide_1.7.0/stm32cubeide/plugins/com.st.stm32cube.ide.mcu.externaltools.gnu-tools-for-stm32.9-2020-q2-update.win32_2.0.0.202105311346/tools/bin/../lib/gcc/arm-none-eabi/9.3.1/../../../../arm-none-eabi/lib/thumb/v7e-m+fp/hard\libc_nano.a(lib_a-findfp.o)
                0x0000000008008c2c                __sinit
 .text.__sfp    0x0000000008008c9c       0x8c e:/stm32ide/stm32cubeide_1.7.0/stm32cubeide/plugins/com.st.stm32cube.ide.mcu.externaltools.gnu-tools-for-stm32.9-2020-q2-update.win32_2.0.0.202105311346/tools/bin/../lib/gcc/arm-none-eabi/9.3.1/../../../../arm-none-eabi/lib/thumb/v7e-m+fp/hard\libc_nano.a(lib_a-findfp.o)
                0x0000000008008c9c                __sfp
 .text._fwalk_reent
                0x0000000008008d28       0x3e e:/stm32ide/stm32cubeide_1.7.0/stm32cubeide/plugins/com.st.stm32cube.ide.mcu.externaltools.gnu-tools-for-stm32.9-2020-q2-update.win32_2.0.0.202105311346/tools/bin/../lib/gcc/arm-none-eabi/9.3.1/../../../../arm-none-eabi/lib/thumb/v7e-m+fp/hard\libc_nano.a(lib_a-fwalk.o)
                0x0000000008008d28                _fwalk_reent
 .text.__retarget_lock_init_recursive
                0x0000000008008d66        0x2 e:/stm32ide/stm32cubeide_1.7.0/stm32cubeide/plugins/com.st.stm32cube.ide.mcu.externaltools.gnu-tools-for-stm32.9-2020-q2-update.win32_2.0.0.202105311346/tools/bin/../lib/gcc/arm-none-eabi/9.3.1/../../../../arm-none-eabi/lib/thumb/v7e-m+fp/hard\libc_nano.a(lib_a-lock.o)
                0x0000000008008d66                __retarget_lock_init_recursive
 .text.__retarget_lock_acquire_recursive
                0x0000000008008d68        0x2 e:/stm32ide/stm32cubeide_1.7.0/stm32cubeide/plugins/com.st.stm32cube.ide.mcu.externaltools.gnu-tools-for-stm32.9-2020-q2-update.win32_2.0.0.202105311346/tools/bin/../lib/gcc/arm-none-eabi/9.3.1/../../../../arm-none-eabi/lib/thumb/v7e-m+fp/hard\libc_nano.a(lib_a-lock.o)
                0x0000000008008d68                __retarget_lock_acquire_recursive
 .text.__retarget_lock_release_recursive
                0x0000000008008d6a        0x2 e:/stm32ide/stm32cubeide_1.7.0/stm32cubeide/plugins/com.st.stm32cube.ide.mcu.externaltools.gnu-tools-for-stm32.9-2020-q2-update.win32_2.0.0.202105311346/tools/bin/../lib/gcc/arm-none-eabi/9.3.1/../../../../arm-none-eabi/lib/thumb/v7e-m+fp/hard\libc_nano.a(lib_a-lock.o)
                0x0000000008008d6a                __retarget_lock_release_recursive
 .text.__swhatbuf_r
                0x0000000008008d6c       0x48 e:/stm32ide/stm32cubeide_1.7.0/stm32cubeide/plugins/com.st.stm32cube.ide.mcu.externaltools.gnu-tools-for-stm32.9-2020-q2-update.win32_2.0.0.202105311346/tools/bin/../lib/gcc/arm-none-eabi/9.3.1/../../../../arm-none-eabi/lib/thumb/v7e-m+fp/hard\libc_nano.a(lib_a-makebuf.o)
                0x0000000008008d6c                __swhatbuf_r
 .text.__smakebuf_r
                0x0000000008008db4       0x80 e:/stm32ide/stm32cubeide_1.7.0/stm32cubeide/plugins/com.st.stm32cube.ide.mcu.externaltools.gnu-tools-for-stm32.9-2020-q2-update.win32_2.0.0.202105311346/tools/bin/../lib/gcc/arm-none-eabi/9.3.1/../../../../arm-none-eabi/lib/thumb/v7e-m+fp/hard\libc_nano.a(lib_a-makebuf.o)
                0x0000000008008db4                __smakebuf_r
 .text.__malloc_lock
                0x0000000008008e34        0xc e:/stm32ide/stm32cubeide_1.7.0/stm32cubeide/plugins/com.st.stm32cube.ide.mcu.externaltools.gnu-tools-for-stm32.9-2020-q2-update.win32_2.0.0.202105311346/tools/bin/../lib/gcc/arm-none-eabi/9.3.1/../../../../arm-none-eabi/lib/thumb/v7e-m+fp/hard\libc_nano.a(lib_a-mlock.o)
                0x0000000008008e34                __malloc_lock
 .text.__malloc_unlock
                0x0000000008008e40        0xc e:/stm32ide/stm32cubeide_1.7.0/stm32cubeide/plugins/com.st.stm32cube.ide.mcu.externaltools.gnu-tools-for-stm32.9-2020-q2-update.win32_2.0.0.202105311346/tools/bin/../lib/gcc/arm-none-eabi/9.3.1/../../../../arm-none-eabi/lib/thumb/v7e-m+fp/hard\libc_nano.a(lib_a-mlock.o)
                0x0000000008008e40                __malloc_unlock
 .text._raise_r
                0x0000000008008e4c       0x50 e:/stm32ide/stm32cubeide_1.7.0/stm32cubeide/plugins/com.st.stm32cube.ide.mcu.externaltools.gnu-tools-for-stm32.9-2020-q2-update.win32_2.0.0.202105311346/tools/bin/../lib/gcc/arm-none-eabi/9.3.1/../../../../arm-none-eabi/lib/thumb/v7e-m+fp/hard\libc_nano.a(lib_a-signal.o)
                0x0000000008008e4c                _raise_r
 .text.raise    0x0000000008008e9c       0x10 e:/stm32ide/stm32cubeide_1.7.0/stm32cubeide/plugins/com.st.stm32cube.ide.mcu.externaltools.gnu-tools-for-stm32.9-2020-q2-update.win32_2.0.0.202105311346/tools/bin/../lib/gcc/arm-none-eabi/9.3.1/../../../../arm-none-eabi/lib/thumb/v7e-m+fp/hard\libc_nano.a(lib_a-signal.o)
                0x0000000008008e9c                raise
 .text._kill_r  0x0000000008008eac       0x24 e:/stm32ide/stm32cubeide_1.7.0/stm32cubeide/plugins/com.st.stm32cube.ide.mcu.externaltools.gnu-tools-for-stm32.9-2020-q2-update.win32_2.0.0.202105311346/tools/bin/../lib/gcc/arm-none-eabi/9.3.1/../../../../arm-none-eabi/lib/thumb/v7e-m+fp/hard\libc_nano.a(lib_a-signalr.o)
                0x0000000008008eac                _kill_r
 .text._getpid_r
                0x0000000008008ed0        0x4 e:/stm32ide/stm32cubeide_1.7.0/stm32cubeide/plugins/com.st.stm32cube.ide.mcu.externaltools.gnu-tools-for-stm32.9-2020-q2-update.win32_2.0.0.202105311346/tools/bin/../lib/gcc/arm-none-eabi/9.3.1/../../../../arm-none-eabi/lib/thumb/v7e-m+fp/hard\libc_nano.a(lib_a-signalr.o)
                0x0000000008008ed0                _getpid_r
 .text.__sread  0x0000000008008ed4       0x22 e:/stm32ide/stm32cubeide_1.7.0/stm32cubeide/plugins/com.st.stm32cube.ide.mcu.externaltools.gnu-tools-for-stm32.9-2020-q2-update.win32_2.0.0.202105311346/tools/bin/../lib/gcc/arm-none-eabi/9.3.1/../../../../arm-none-eabi/lib/thumb/v7e-m+fp/hard\libc_nano.a(lib_a-stdio.o)
                0x0000000008008ed4                __sread
 .text.__swrite
                0x0000000008008ef6       0x38 e:/stm32ide/stm32cubeide_1.7.0/stm32cubeide/plugins/com.st.stm32cube.ide.mcu.externaltools.gnu-tools-for-stm32.9-2020-q2-update.win32_2.0.0.202105311346/tools/bin/../lib/gcc/arm-none-eabi/9.3.1/../../../../arm-none-eabi/lib/thumb/v7e-m+fp/hard\libc_nano.a(lib_a-stdio.o)
                0x0000000008008ef6                __swrite
 .text.__sseek  0x0000000008008f2e       0x24 e:/stm32ide/stm32cubeide_1.7.0/stm32cubeide/plugins/com.st.stm32cube.ide.mcu.externaltools.gnu-tools-for-stm32.9-2020-q2-update.win32_2.0.0.202105311346/tools/bin/../lib/gcc/arm-none-eabi/9.3.1/../../../../arm-none-eabi/lib/thumb/v7e-m+fp/hard\libc_nano.a(lib_a-stdio.o)
                0x0000000008008f2e                __sseek
 .text.__sclose
                0x0000000008008f52        0x8 e:/stm32ide/stm32cubeide_1.7.0/stm32cubeide/plugins/com.st.stm32cube.ide.mcu.externaltools.gnu-tools-for-stm32.9-2020-q2-update.win32_2.0.0.202105311346/tools/bin/../lib/gcc/arm-none-eabi/9.3.1/../../../../arm-none-eabi/lib/thumb/v7e-m+fp/hard\libc_nano.a(lib_a-stdio.o)
                0x0000000008008f52                __sclose
 *fill*         0x0000000008008f5a        0x2 
 .text._write_r
                0x0000000008008f5c       0x24 e:/stm32ide/stm32cubeide_1.7.0/stm32cubeide/plugins/com.st.stm32cube.ide.mcu.externaltools.gnu-tools-for-stm32.9-2020-q2-update.win32_2.0.0.202105311346/tools/bin/../lib/gcc/arm-none-eabi/9.3.1/../../../../arm-none-eabi/lib/thumb/v7e-m+fp/hard\libc_nano.a(lib_a-writer.o)
                0x0000000008008f5c                _write_r
 .text._close_r
                0x0000000008008f80       0x20 e:/stm32ide/stm32cubeide_1.7.0/stm32cubeide/plugins/com.st.stm32cube.ide.mcu.externaltools.gnu-tools-for-stm32.9-2020-q2-update.win32_2.0.0.202105311346/tools/bin/../lib/gcc/arm-none-eabi/9.3.1/../../../../arm-none-eabi/lib/thumb/v7e-m+fp/hard\libc_nano.a(lib_a-closer.o)
                0x0000000008008f80                _close_r
 .text._fstat_r
                0x0000000008008fa0       0x24 e:/stm32ide/stm32cubeide_1.7.0/stm32cubeide/plugins/com.st.stm32cube.ide.mcu.externaltools.gnu-tools-for-stm32.9-2020-q2-update.win32_2.0.0.202105311346/tools/bin/../lib/gcc/arm-none-eabi/9.3.1/../../../../arm-none-eabi/lib/thumb/v7e-m+fp/hard\libc_nano.a(lib_a-fstatr.o)
                0x0000000008008fa0                _fstat_r
 .text._isatty_r
                0x0000000008008fc4       0x20 e:/stm32ide/stm32cubeide_1.7.0/stm32cubeide/plugins/com.st.stm32cube.ide.mcu.externaltools.gnu-tools-for-stm32.9-2020-q2-update.win32_2.0.0.202105311346/tools/bin/../lib/gcc/arm-none-eabi/9.3.1/../../../../arm-none-eabi/lib/thumb/v7e-m+fp/hard\libc_nano.a(lib_a-isattyr.o)
                0x0000000008008fc4                _isatty_r
 .text._lseek_r
                0x0000000008008fe4       0x24 e:/stm32ide/stm32cubeide_1.7.0/stm32cubeide/plugins/com.st.stm32cube.ide.mcu.externaltools.gnu-tools-for-stm32.9-2020-q2-update.win32_2.0.0.202105311346/tools/bin/../lib/gcc/arm-none-eabi/9.3.1/../../../../arm-none-eabi/lib/thumb/v7e-m+fp/hard\libc_nano.a(lib_a-lseekr.o)
                0x0000000008008fe4                _lseek_r
 .text._read_r  0x0000000008009008       0x24 e:/stm32ide/stm32cubeide_1.7.0/stm32cubeide/plugins/com.st.stm32cube.ide.mcu.externaltools.gnu-tools-for-stm32.9-2020-q2-update.win32_2.0.0.202105311346/tools/bin/../lib/gcc/arm-none-eabi/9.3.1/../../../../arm-none-eabi/lib/thumb/v7e-m+fp/hard\libc_nano.a(lib_a-readr.o)
                0x0000000008009008                _read_r
 .text.sqrt     0x000000000800902c       0x68 e:/stm32ide/stm32cubeide_1.7.0/stm32cubeide/plugins/com.st.stm32cube.ide.mcu.externaltools.gnu-tools-for-stm32.9-2020-q2-update.win32_2.0.0.202105311346/tools/bin/../lib/gcc/arm-none-eabi/9.3.1/../../../../arm-none-eabi/lib/thumb/v7e-m+fp/hard\libm.a(lib_a-w_sqrt.o)
                0x000000000800902c                sqrt
 .text.__ieee754_sqrt
                0x0000000008009094      0x168 e:/stm32ide/stm32cubeide_1.7.0/stm32cubeide/plugins/com.st.stm32cube.ide.mcu.externaltools.gnu-tools-for-stm32.9-2020-q2-update.win32_2.0.0.202105311346/tools/bin/../lib/gcc/arm-none-eabi/9.3.1/../../../../arm-none-eabi/lib/thumb/v7e-m+fp/hard\libm.a(lib_a-e_sqrt.o)
                0x0000000008009094                __ieee754_sqrt
 *(.glue_7)
 .glue_7        0x00000000080091fc        0x0 linker stubs
 *(.glue_7t)
 .glue_7t       0x00000000080091fc        0x0 linker stubs
 *(.eh_frame)
 .eh_frame      0x00000000080091fc        0x0 e:/stm32ide/stm32cubeide_1.7.0/stm32cubeide/plugins/com.st.stm32cube.ide.mcu.externaltools.gnu-tools-for-stm32.9-2020-q2-update.win32_2.0.0.202105311346/tools/bin/../lib/gcc/arm-none-eabi/9.3.1/thumb/v7e-m+fp/hard/crtbegin.o
 *(.init)
 .init          0x00000000080091fc        0x4 e:/stm32ide/stm32cubeide_1.7.0/stm32cubeide/plugins/com.st.stm32cube.ide.mcu.externaltools.gnu-tools-for-stm32.9-2020-q2-update.win32_2.0.0.202105311346/tools/bin/../lib/gcc/arm-none-eabi/9.3.1/thumb/v7e-m+fp/hard/crti.o
                0x00000000080091fc                _init
 .init          0x0000000008009200        0x8 e:/stm32ide/stm32cubeide_1.7.0/stm32cubeide/plugins/com.st.stm32cube.ide.mcu.externaltools.gnu-tools-for-stm32.9-2020-q2-update.win32_2.0.0.202105311346/tools/bin/../lib/gcc/arm-none-eabi/9.3.1/thumb/v7e-m+fp/hard/crtn.o
 *(.fini)
 .fini          0x0000000008009208        0x4 e:/stm32ide/stm32cubeide_1.7.0/stm32cubeide/plugins/com.st.stm32cube.ide.mcu.externaltools.gnu-tools-for-stm32.9-2020-q2-update.win32_2.0.0.202105311346/tools/bin/../lib/gcc/arm-none-eabi/9.3.1/thumb/v7e-m+fp/hard/crti.o
                0x0000000008009208                _fini
 .fini          0x000000000800920c        0x8 e:/stm32ide/stm32cubeide_1.7.0/stm32cubeide/plugins/com.st.stm32cube.ide.mcu.externaltools.gnu-tools-for-stm32.9-2020-q2-update.win32_2.0.0.202105311346/tools/bin/../lib/gcc/arm-none-eabi/9.3.1/thumb/v7e-m+fp/hard/crtn.o
                0x0000000008009214                . = ALIGN (0x4)
                0x0000000008009214                _etext = .

.vfp11_veneer   0x0000000008009214        0x0
 .vfp11_veneer  0x0000000008009214        0x0 linker stubs

.v4_bx          0x0000000008009214        0x0
 .v4_bx         0x0000000008009214        0x0 linker stubs

.iplt           0x0000000008009214        0x0
 .iplt          0x0000000008009214        0x0 e:/stm32ide/stm32cubeide_1.7.0/stm32cubeide/plugins/com.st.stm32cube.ide.mcu.externaltools.gnu-tools-for-stm32.9-2020-q2-update.win32_2.0.0.202105311346/tools/bin/../lib/gcc/arm-none-eabi/9.3.1/thumb/v7e-m+fp/hard/crtbegin.o

.rodata         0x0000000008009214     0x31f0
                0x0000000008009214                . = ALIGN (0x4)
 *(.rodata)
 .rodata        0x0000000008009214       0x22 ./Core/Src/main.o
 *fill*         0x0000000008009236        0x2 
 .rodata        0x0000000008009238       0xe0 ./Core/Src/touch.o
 *(.rodata*)
 .rodata.ascii_1608
                0x0000000008009318      0x5f0 ./Core/Src/lcd.o
                0x0000000008009318                ascii_1608
 .rodata.ascii_2412
                0x0000000008009908     0x11d0 ./Core/Src/lcd.o
                0x0000000008009908                ascii_2412
 .rodata.ascii_3216
                0x000000000800aad8     0x17c0 ./Core/Src/lcd.o
                0x000000000800aad8                ascii_3216
 .rodata.AHBPrescTable
                0x000000000800c298       0x10 ./Core/Src/system_stm32f4xx.o
                0x000000000800c298                AHBPrescTable
 .rodata.APBPrescTable
                0x000000000800c2a8        0x8 ./Core/Src/system_stm32f4xx.o
                0x000000000800c2a8                APBPrescTable
 .rodata.flagBitshiftOffset.9221
                0x000000000800c2b0        0x8 ./Drivers/STM32F4xx_HAL_Driver/Src/stm32f4xx_hal_dma.o
 .rodata._global_impure_ptr
                0x000000000800c2b8        0x4 e:/stm32ide/stm32cubeide_1.7.0/stm32cubeide/plugins/com.st.stm32cube.ide.mcu.externaltools.gnu-tools-for-stm32.9-2020-q2-update.win32_2.0.0.202105311346/tools/bin/../lib/gcc/arm-none-eabi/9.3.1/../../../../arm-none-eabi/lib/thumb/v7e-m+fp/hard\libc_nano.a(lib_a-impure.o)
                0x000000000800c2b8                _global_impure_ptr
 .rodata.srand.str1.1
                0x000000000800c2bc       0x76 e:/stm32ide/stm32cubeide_1.7.0/stm32cubeide/plugins/com.st.stm32cube.ide.mcu.externaltools.gnu-tools-for-stm32.9-2020-q2-update.win32_2.0.0.202105311346/tools/bin/../lib/gcc/arm-none-eabi/9.3.1/../../../../arm-none-eabi/lib/thumb/v7e-m+fp/hard\libc_nano.a(lib_a-rand.o)
 .rodata.__assert_func.str1.1
                0x000000000800c332       0x3c e:/stm32ide/stm32cubeide_1.7.0/stm32cubeide/plugins/com.st.stm32cube.ide.mcu.externaltools.gnu-tools-for-stm32.9-2020-q2-update.win32_2.0.0.202105311346/tools/bin/../lib/gcc/arm-none-eabi/9.3.1/../../../../arm-none-eabi/lib/thumb/v7e-m+fp/hard\libc_nano.a(lib_a-assert.o)
                                         0x3d (size before relaxing)
 .rodata._vfprintf_r.str1.1
                0x000000000800c36e       0x11 e:/stm32ide/stm32cubeide_1.7.0/stm32cubeide/plugins/com.st.stm32cube.ide.mcu.externaltools.gnu-tools-for-stm32.9-2020-q2-update.win32_2.0.0.202105311346/tools/bin/../lib/gcc/arm-none-eabi/9.3.1/../../../../arm-none-eabi/lib/thumb/v7e-m+fp/hard\libc_nano.a(lib_a-nano-vfprintf.o)
 .rodata._printf_i.str1.1
                0x000000000800c37f       0x22 e:/stm32ide/stm32cubeide_1.7.0/stm32cubeide/plugins/com.st.stm32cube.ide.mcu.externaltools.gnu-tools-for-stm32.9-2020-q2-update.win32_2.0.0.202105311346/tools/bin/../lib/gcc/arm-none-eabi/9.3.1/../../../../arm-none-eabi/lib/thumb/v7e-m+fp/hard\libc_nano.a(lib_a-nano-vfprintf_i.o)
 *fill*         0x000000000800c3a1        0x3 
 .rodata.__sf_fake_stderr
                0x000000000800c3a4       0x20 e:/stm32ide/stm32cubeide_1.7.0/stm32cubeide/plugins/com.st.stm32cube.ide.mcu.externaltools.gnu-tools-for-stm32.9-2020-q2-update.win32_2.0.0.202105311346/tools/bin/../lib/gcc/arm-none-eabi/9.3.1/../../../../arm-none-eabi/lib/thumb/v7e-m+fp/hard\libc_nano.a(lib_a-findfp.o)
                0x000000000800c3a4                __sf_fake_stderr
 .rodata.__sf_fake_stdin
                0x000000000800c3c4       0x20 e:/stm32ide/stm32cubeide_1.7.0/stm32cubeide/plugins/com.st.stm32cube.ide.mcu.externaltools.gnu-tools-for-stm32.9-2020-q2-update.win32_2.0.0.202105311346/tools/bin/../lib/gcc/arm-none-eabi/9.3.1/../../../../arm-none-eabi/lib/thumb/v7e-m+fp/hard\libc_nano.a(lib_a-findfp.o)
                0x000000000800c3c4                __sf_fake_stdin
 .rodata.__sf_fake_stdout
                0x000000000800c3e4       0x20 e:/stm32ide/stm32cubeide_1.7.0/stm32cubeide/plugins/com.st.stm32cube.ide.mcu.externaltools.gnu-tools-for-stm32.9-2020-q2-update.win32_2.0.0.202105311346/tools/bin/../lib/gcc/arm-none-eabi/9.3.1/../../../../arm-none-eabi/lib/thumb/v7e-m+fp/hard\libc_nano.a(lib_a-findfp.o)
                0x000000000800c3e4                __sf_fake_stdout
                0x000000000800c404                . = ALIGN (0x4)

.ARM.extab      0x000000000800c404        0x0
                0x000000000800c404                . = ALIGN (0x4)
 *(.ARM.extab* .gnu.linkonce.armextab.*)
                0x000000000800c404                . = ALIGN (0x4)

.ARM            0x000000000800c404        0x8
                0x000000000800c404                . = ALIGN (0x4)
                0x000000000800c404                __exidx_start = .
 *(.ARM.exidx*)
 .ARM.exidx     0x000000000800c404        0x8 e:/stm32ide/stm32cubeide_1.7.0/stm32cubeide/plugins/com.st.stm32cube.ide.mcu.externaltools.gnu-tools-for-stm32.9-2020-q2-update.win32_2.0.0.202105311346/tools/bin/../lib/gcc/arm-none-eabi/9.3.1/thumb/v7e-m+fp/hard\libgcc.a(_udivmoddi4.o)
                0x000000000800c40c                __exidx_end = .
                0x000000000800c40c                . = ALIGN (0x4)

.rel.dyn        0x000000000800c40c        0x0
 .rel.iplt      0x000000000800c40c        0x0 e:/stm32ide/stm32cubeide_1.7.0/stm32cubeide/plugins/com.st.stm32cube.ide.mcu.externaltools.gnu-tools-for-stm32.9-2020-q2-update.win32_2.0.0.202105311346/tools/bin/../lib/gcc/arm-none-eabi/9.3.1/thumb/v7e-m+fp/hard/crtbegin.o

.preinit_array  0x000000000800c40c        0x0
                0x000000000800c40c                . = ALIGN (0x4)
                0x000000000800c40c                PROVIDE (__preinit_array_start = .)
 *(.preinit_array*)
                0x000000000800c40c                PROVIDE (__preinit_array_end = .)
                0x000000000800c40c                . = ALIGN (0x4)

.init_array     0x000000000800c40c        0x4
                0x000000000800c40c                . = ALIGN (0x4)
                0x000000000800c40c                PROVIDE (__init_array_start = .)
 *(SORT_BY_NAME(.init_array.*))
 *(.init_array*)
 .init_array    0x000000000800c40c        0x4 e:/stm32ide/stm32cubeide_1.7.0/stm32cubeide/plugins/com.st.stm32cube.ide.mcu.externaltools.gnu-tools-for-stm32.9-2020-q2-update.win32_2.0.0.202105311346/tools/bin/../lib/gcc/arm-none-eabi/9.3.1/thumb/v7e-m+fp/hard/crtbegin.o
                0x000000000800c410                PROVIDE (__init_array_end = .)
                0x000000000800c410                . = ALIGN (0x4)

.fini_array     0x000000000800c410        0x4
                0x000000000800c410                . = ALIGN (0x4)
                [!provide]                        PROVIDE (__fini_array_start = .)
 *(SORT_BY_NAME(.fini_array.*))
 *(.fini_array*)
 .fini_array    0x000000000800c410        0x4 e:/stm32ide/stm32cubeide_1.7.0/stm32cubeide/plugins/com.st.stm32cube.ide.mcu.externaltools.gnu-tools-for-stm32.9-2020-q2-update.win32_2.0.0.202105311346/tools/bin/../lib/gcc/arm-none-eabi/9.3.1/thumb/v7e-m+fp/hard/crtbegin.o
                [!provide]                        PROVIDE (__fini_array_end = .)
                0x000000000800c414                . = ALIGN (0x4)
                0x000000000800c414                _sidata = LOADADDR (.data)

.data           0x0000000020000000       0xb8 load address 0x000000000800c414
                0x0000000020000000                . = ALIGN (0x4)
                0x0000000020000000                _sdata = .
 *(.data)
 *(.data*)
 .data.led7seg  0x0000000020000000        0x4 ./Core/Src/led_7seg.o
                0x0000000020000000                led7seg
 .data.spi_buffer
                0x0000000020000004        0x2 ./Core/Src/led_7seg.o
                0x0000000020000004                spi_buffer
 *fill*         0x0000000020000006        0x2 
 .data.snakeLength
                0x0000000020000008        0x4 ./Core/Src/main.o
                0x0000000020000008                snakeLength
 .data.SystemCoreClock
                0x000000002000000c        0x4 ./Core/Src/system_stm32f4xx.o
                0x000000002000000c                SystemCoreClock
 .data.tp_dev   0x0000000020000010       0x34 ./Core/Src/touch.o
                0x0000000020000010                tp_dev
 .data.CMD_RDX  0x0000000020000044        0x1 ./Core/Src/touch.o
                0x0000000020000044                CMD_RDX
 .data.CMD_RDY  0x0000000020000045        0x1 ./Core/Src/touch.o
                0x0000000020000045                CMD_RDY
 *fill*         0x0000000020000046        0x2 
 .data.uwTickPrio
                0x0000000020000048        0x4 ./Drivers/STM32F4xx_HAL_Driver/Src/stm32f4xx_hal.o
                0x0000000020000048                uwTickPrio
 .data.uwTickFreq
                0x000000002000004c        0x1 ./Drivers/STM32F4xx_HAL_Driver/Src/stm32f4xx_hal.o
                0x000000002000004c                uwTickFreq
 *fill*         0x000000002000004d        0x3 
 .data._impure_ptr
                0x0000000020000050        0x4 e:/stm32ide/stm32cubeide_1.7.0/stm32cubeide/plugins/com.st.stm32cube.ide.mcu.externaltools.gnu-tools-for-stm32.9-2020-q2-update.win32_2.0.0.202105311346/tools/bin/../lib/gcc/arm-none-eabi/9.3.1/../../../../arm-none-eabi/lib/thumb/v7e-m+fp/hard\libc_nano.a(lib_a-impure.o)
                0x0000000020000050                _impure_ptr
 .data.impure_data
                0x0000000020000054       0x60 e:/stm32ide/stm32cubeide_1.7.0/stm32cubeide/plugins/com.st.stm32cube.ide.mcu.externaltools.gnu-tools-for-stm32.9-2020-q2-update.win32_2.0.0.202105311346/tools/bin/../lib/gcc/arm-none-eabi/9.3.1/../../../../arm-none-eabi/lib/thumb/v7e-m+fp/hard\libc_nano.a(lib_a-impure.o)
 .data.__fdlib_version
                0x00000000200000b4        0x1 e:/stm32ide/stm32cubeide_1.7.0/stm32cubeide/plugins/com.st.stm32cube.ide.mcu.externaltools.gnu-tools-for-stm32.9-2020-q2-update.win32_2.0.0.202105311346/tools/bin/../lib/gcc/arm-none-eabi/9.3.1/../../../../arm-none-eabi/lib/thumb/v7e-m+fp/hard\libm.a(lib_a-s_lib_ver.o)
                0x00000000200000b4                __fdlib_version
 *(.RamFunc)
 *(.RamFunc*)
                0x00000000200000b8                . = ALIGN (0x4)
 *fill*         0x00000000200000b5        0x3 
                0x00000000200000b8                _edata = .
                0x000000000800c4cc                _siccmram = LOADADDR (.ccmram)

.igot.plt       0x00000000200000b8        0x0 load address 0x000000000800c4cc
 .igot.plt      0x00000000200000b8        0x0 e:/stm32ide/stm32cubeide_1.7.0/stm32cubeide/plugins/com.st.stm32cube.ide.mcu.externaltools.gnu-tools-for-stm32.9-2020-q2-update.win32_2.0.0.202105311346/tools/bin/../lib/gcc/arm-none-eabi/9.3.1/thumb/v7e-m+fp/hard/crtbegin.o

.ccmram         0x0000000010000000        0x0 load address 0x000000000800c4cc
                0x0000000010000000                . = ALIGN (0x4)
                0x0000000010000000                _sccmram = .
 *(.ccmram)
 *(.ccmram*)
                0x0000000010000000                . = ALIGN (0x4)
                0x0000000010000000                _eccmram = .
                0x0000000010000000                . = ALIGN (0x4)

.bss            0x00000000200000b8      0x638
                0x00000000200000b8                _sbss = .
                0x00000000200000b8                __bss_start__ = _sbss
 *(.bss)
 .bss           0x00000000200000b8       0x1c e:/stm32ide/stm32cubeide_1.7.0/stm32cubeide/plugins/com.st.stm32cube.ide.mcu.externaltools.gnu-tools-for-stm32.9-2020-q2-update.win32_2.0.0.202105311346/tools/bin/../lib/gcc/arm-none-eabi/9.3.1/thumb/v7e-m+fp/hard/crtbegin.o
 *(.bss*)
 .bss.FSMC_Initialized
                0x00000000200000d4        0x4 ./Core/Src/fsmc.o
 .bss.led7_index
                0x00000000200000d8        0x4 ./Core/Src/led_7seg.o
                0x00000000200000d8                led7_index
 .bss.play_Status
                0x00000000200000dc        0x4 ./Core/Src/main.o
                0x00000000200000dc                play_Status
 .bss.counter   0x00000000200000e0        0x4 ./Core/Src/main.o
                0x00000000200000e0                counter
 .bss.direction
                0x00000000200000e4        0x4 ./Core/Src/main.o
                0x00000000200000e4                direction
 .bss.count_led_debug
                0x00000000200000e8        0x1 ./Core/Src/main.o
                0x00000000200000e8                count_led_debug
 *fill*         0x00000000200000e9        0x1 
 .bss.flag_timer2
                0x00000000200000ea        0x2 ./Core/Src/software_timer.o
                0x00000000200000ea                flag_timer2
 .bss.timer2_counter
                0x00000000200000ec        0x2 ./Core/Src/software_timer.o
                0x00000000200000ec                timer2_counter
 .bss.timer2_MUL
                0x00000000200000ee        0x2 ./Core/Src/software_timer.o
                0x00000000200000ee                timer2_MUL
 .bss.__sbrk_heap_end
                0x00000000200000f0        0x4 ./Core/Src/sysmem.o
 .bss.__malloc_free_list
                0x00000000200000f4        0x4 e:/stm32ide/stm32cubeide_1.7.0/stm32cubeide/plugins/com.st.stm32cube.ide.mcu.externaltools.gnu-tools-for-stm32.9-2020-q2-update.win32_2.0.0.202105311346/tools/bin/../lib/gcc/arm-none-eabi/9.3.1/../../../../arm-none-eabi/lib/thumb/v7e-m+fp/hard\libc_nano.a(lib_a-nano-mallocr.o)
                0x00000000200000f4                __malloc_free_list
 .bss.__malloc_sbrk_start
                0x00000000200000f8        0x4 e:/stm32ide/stm32cubeide_1.7.0/stm32cubeide/plugins/com.st.stm32cube.ide.mcu.externaltools.gnu-tools-for-stm32.9-2020-q2-update.win32_2.0.0.202105311346/tools/bin/../lib/gcc/arm-none-eabi/9.3.1/../../../../arm-none-eabi/lib/thumb/v7e-m+fp/hard\libc_nano.a(lib_a-nano-mallocr.o)
                0x00000000200000f8                __malloc_sbrk_start
 *(COMMON)
 COMMON         0x00000000200000fc       0xa8 ./Core/Src/adc.o
                0x00000000200000fc                hadc1
                0x0000000020000144                hdma_adc1
 COMMON         0x00000000200001a4       0x50 ./Core/Src/fsmc.o
                0x00000000200001a4                hsram1
 COMMON         0x00000000200001f4       0x54 ./Core/Src/i2c.o
                0x00000000200001f4                hi2c1
 COMMON         0x0000000020000248       0x3a ./Core/Src/lcd.o
                0x0000000020000248                lcddev
                0x0000000020000250                s
 *fill*         0x0000000020000282        0x2 
 COMMON         0x0000000020000284      0x328 ./Core/Src/main.o
                0x0000000020000284                food
                0x000000002000028c                snake
 COMMON         0x00000000200005ac       0x58 ./Core/Src/spi.o
                0x00000000200005ac                hspi1
 COMMON         0x0000000020000604       0xd8 ./Core/Src/tim.o
                0x0000000020000604                htim13
                0x000000002000064c                htim1
                0x0000000020000694                htim2
 COMMON         0x00000000200006dc        0x4 ./Drivers/STM32F4xx_HAL_Driver/Src/stm32f4xx_hal.o
                0x00000000200006dc                uwTick
 COMMON         0x00000000200006e0        0x9 e:/stm32ide/stm32cubeide_1.7.0/stm32cubeide/plugins/com.st.stm32cube.ide.mcu.externaltools.gnu-tools-for-stm32.9-2020-q2-update.win32_2.0.0.202105311346/tools/bin/../lib/gcc/arm-none-eabi/9.3.1/../../../../arm-none-eabi/lib/thumb/v7e-m+fp/hard\libc_nano.a(lib_a-lock.o)
                0x00000000200006e0                __lock___atexit_recursive_mutex
                0x00000000200006e1                __lock___arc4random_mutex
                0x00000000200006e2                __lock___env_recursive_mutex
                0x00000000200006e3                __lock___sinit_recursive_mutex
                0x00000000200006e4                __lock___malloc_recursive_mutex
                0x00000000200006e5                __lock___at_quick_exit_mutex
                0x00000000200006e6                __lock___dd_hash_mutex
                0x00000000200006e7                __lock___tz_mutex
                0x00000000200006e8                __lock___sfp_recursive_mutex
 *fill*         0x00000000200006e9        0x3 
 COMMON         0x00000000200006ec        0x4 e:/stm32ide/stm32cubeide_1.7.0/stm32cubeide/plugins/com.st.stm32cube.ide.mcu.externaltools.gnu-tools-for-stm32.9-2020-q2-update.win32_2.0.0.202105311346/tools/bin/../lib/gcc/arm-none-eabi/9.3.1/../../../../arm-none-eabi/lib/thumb/v7e-m+fp/hard\libc_nano.a(lib_a-reent.o)
                0x00000000200006ec                errno
                0x00000000200006f0                . = ALIGN (0x4)
                0x00000000200006f0                _ebss = .
                0x00000000200006f0                __bss_end__ = _ebss

._user_heap_stack
                0x00000000200006f0      0x600
                0x00000000200006f0                . = ALIGN (0x8)
                [!provide]                        PROVIDE (end = .)
                0x00000000200006f0                PROVIDE (_end = .)
                0x00000000200008f0                . = (. + _Min_Heap_Size)
 *fill*         0x00000000200006f0      0x200 
                0x0000000020000cf0                . = (. + _Min_Stack_Size)
 *fill*         0x00000000200008f0      0x400 
                0x0000000020000cf0                . = ALIGN (0x8)

/DISCARD/
 libc.a(*)
 libm.a(*)
 libgcc.a(*)

.ARM.attributes
                0x0000000000000000       0x30
 *(.ARM.attributes)
 .ARM.attributes
                0x0000000000000000       0x1e e:/stm32ide/stm32cubeide_1.7.0/stm32cubeide/plugins/com.st.stm32cube.ide.mcu.externaltools.gnu-tools-for-stm32.9-2020-q2-update.win32_2.0.0.202105311346/tools/bin/../lib/gcc/arm-none-eabi/9.3.1/thumb/v7e-m+fp/hard/crti.o
 .ARM.attributes
                0x000000000000001e       0x34 e:/stm32ide/stm32cubeide_1.7.0/stm32cubeide/plugins/com.st.stm32cube.ide.mcu.externaltools.gnu-tools-for-stm32.9-2020-q2-update.win32_2.0.0.202105311346/tools/bin/../lib/gcc/arm-none-eabi/9.3.1/thumb/v7e-m+fp/hard/crtbegin.o
 .ARM.attributes
                0x0000000000000052       0x34 ./Core/Src/adc.o
 .ARM.attributes
                0x0000000000000086       0x34 ./Core/Src/at24c.o
 .ARM.attributes
                0x00000000000000ba       0x34 ./Core/Src/button.o
 .ARM.attributes
                0x00000000000000ee       0x34 ./Core/Src/dma.o
 .ARM.attributes
                0x0000000000000122       0x34 ./Core/Src/fsmc.o
 .ARM.attributes
                0x0000000000000156       0x34 ./Core/Src/gpio.o
 .ARM.attributes
                0x000000000000018a       0x34 ./Core/Src/i2c.o
 .ARM.attributes
                0x00000000000001be       0x34 ./Core/Src/lcd.o
 .ARM.attributes
                0x00000000000001f2       0x34 ./Core/Src/led_7seg.o
 .ARM.attributes
                0x0000000000000226       0x34 ./Core/Src/main.o
 .ARM.attributes
                0x000000000000025a       0x34 ./Core/Src/software_timer.o
 .ARM.attributes
                0x000000000000028e       0x34 ./Core/Src/spi.o
 .ARM.attributes
                0x00000000000002c2       0x34 ./Core/Src/stm32f4xx_hal_msp.o
 .ARM.attributes
                0x00000000000002f6       0x34 ./Core/Src/stm32f4xx_it.o
 .ARM.attributes
                0x000000000000032a       0x34 ./Core/Src/syscalls.o
 .ARM.attributes
                0x000000000000035e       0x34 ./Core/Src/sysmem.o
 .ARM.attributes
                0x0000000000000392       0x34 ./Core/Src/system_stm32f4xx.o
 .ARM.attributes
                0x00000000000003c6       0x34 ./Core/Src/tim.o
 .ARM.attributes
                0x00000000000003fa       0x34 ./Core/Src/touch.o
 .ARM.attributes
                0x000000000000042e       0x21 ./Core/Startup/startup_stm32f407zetx.o
 .ARM.attributes
                0x000000000000044f       0x34 ./Drivers/STM32F4xx_HAL_Driver/Src/stm32f4xx_hal.o
 .ARM.attributes
                0x0000000000000483       0x34 ./Drivers/STM32F4xx_HAL_Driver/Src/stm32f4xx_hal_adc.o
 .ARM.attributes
                0x00000000000004b7       0x34 ./Drivers/STM32F4xx_HAL_Driver/Src/stm32f4xx_hal_cortex.o
 .ARM.attributes
                0x00000000000004eb       0x34 ./Drivers/STM32F4xx_HAL_Driver/Src/stm32f4xx_hal_dma.o
 .ARM.attributes
                0x000000000000051f       0x34 ./Drivers/STM32F4xx_HAL_Driver/Src/stm32f4xx_hal_gpio.o
 .ARM.attributes
                0x0000000000000553       0x34 ./Drivers/STM32F4xx_HAL_Driver/Src/stm32f4xx_hal_i2c.o
 .ARM.attributes
                0x0000000000000587       0x34 ./Drivers/STM32F4xx_HAL_Driver/Src/stm32f4xx_hal_rcc.o
 .ARM.attributes
                0x00000000000005bb       0x34 ./Drivers/STM32F4xx_HAL_Driver/Src/stm32f4xx_hal_spi.o
 .ARM.attributes
                0x00000000000005ef       0x34 ./Drivers/STM32F4xx_HAL_Driver/Src/stm32f4xx_hal_sram.o
 .ARM.attributes
                0x0000000000000623       0x34 ./Drivers/STM32F4xx_HAL_Driver/Src/stm32f4xx_hal_tim.o
 .ARM.attributes
                0x0000000000000657       0x34 ./Drivers/STM32F4xx_HAL_Driver/Src/stm32f4xx_hal_tim_ex.o
 .ARM.attributes
                0x000000000000068b       0x34 ./Drivers/STM32F4xx_HAL_Driver/Src/stm32f4xx_ll_fsmc.o
 .ARM.attributes
                0x00000000000006bf       0x34 e:/stm32ide/stm32cubeide_1.7.0/stm32cubeide/plugins/com.st.stm32cube.ide.mcu.externaltools.gnu-tools-for-stm32.9-2020-q2-update.win32_2.0.0.202105311346/tools/bin/../lib/gcc/arm-none-eabi/9.3.1/../../../../arm-none-eabi/lib/thumb/v7e-m+fp/hard\libc_nano.a(lib_a-errno.o)
 .ARM.attributes
                0x00000000000006f3       0x32 e:/stm32ide/stm32cubeide_1.7.0/stm32cubeide/plugins/com.st.stm32cube.ide.mcu.externaltools.gnu-tools-for-stm32.9-2020-q2-update.win32_2.0.0.202105311346/tools/bin/../lib/gcc/arm-none-eabi/9.3.1/../../../../arm-none-eabi/lib/thumb/v7e-m+fp/hard\libc_nano.a(lib_a-impure.o)
 .ARM.attributes
                0x0000000000000725       0x34 e:/stm32ide/stm32cubeide_1.7.0/stm32cubeide/plugins/com.st.stm32cube.ide.mcu.externaltools.gnu-tools-for-stm32.9-2020-q2-update.win32_2.0.0.202105311346/tools/bin/../lib/gcc/arm-none-eabi/9.3.1/../../../../arm-none-eabi/lib/thumb/v7e-m+fp/hard\libc_nano.a(lib_a-init.o)
 .ARM.attributes
                0x0000000000000759       0x34 e:/stm32ide/stm32cubeide_1.7.0/stm32cubeide/plugins/com.st.stm32cube.ide.mcu.externaltools.gnu-tools-for-stm32.9-2020-q2-update.win32_2.0.0.202105311346/tools/bin/../lib/gcc/arm-none-eabi/9.3.1/../../../../arm-none-eabi/lib/thumb/v7e-m+fp/hard\libc_nano.a(lib_a-memset.o)
 .ARM.attributes
                0x000000000000078d       0x34 e:/stm32ide/stm32cubeide_1.7.0/stm32cubeide/plugins/com.st.stm32cube.ide.mcu.externaltools.gnu-tools-for-stm32.9-2020-q2-update.win32_2.0.0.202105311346/tools/bin/../lib/gcc/arm-none-eabi/9.3.1/../../../../arm-none-eabi/lib/thumb/v7e-m+fp/hard\libc_nano.a(lib_a-rand.o)
 .ARM.attributes
                0x00000000000007c1       0x34 e:/stm32ide/stm32cubeide_1.7.0/stm32cubeide/plugins/com.st.stm32cube.ide.mcu.externaltools.gnu-tools-for-stm32.9-2020-q2-update.win32_2.0.0.202105311346/tools/bin/../lib/gcc/arm-none-eabi/9.3.1/../../../../arm-none-eabi/lib/thumb/v7e-m+fp/hard\libc_nano.a(lib_a-assert.o)
 .ARM.attributes
                0x00000000000007f5       0x34 e:/stm32ide/stm32cubeide_1.7.0/stm32cubeide/plugins/com.st.stm32cube.ide.mcu.externaltools.gnu-tools-for-stm32.9-2020-q2-update.win32_2.0.0.202105311346/tools/bin/../lib/gcc/arm-none-eabi/9.3.1/../../../../arm-none-eabi/lib/thumb/v7e-m+fp/hard\libc_nano.a(lib_a-fprintf.o)
 .ARM.attributes
                0x0000000000000829       0x34 e:/stm32ide/stm32cubeide_1.7.0/stm32cubeide/plugins/com.st.stm32cube.ide.mcu.externaltools.gnu-tools-for-stm32.9-2020-q2-update.win32_2.0.0.202105311346/tools/bin/../lib/gcc/arm-none-eabi/9.3.1/../../../../arm-none-eabi/lib/thumb/v7e-m+fp/hard\libc_nano.a(lib_a-malloc.o)
 .ARM.attributes
                0x000000000000085d       0x34 e:/stm32ide/stm32cubeide_1.7.0/stm32cubeide/plugins/com.st.stm32cube.ide.mcu.externaltools.gnu-tools-for-stm32.9-2020-q2-update.win32_2.0.0.202105311346/tools/bin/../lib/gcc/arm-none-eabi/9.3.1/../../../../arm-none-eabi/lib/thumb/v7e-m+fp/hard\libc_nano.a(lib_a-nano-freer.o)
 .ARM.attributes
                0x0000000000000891       0x34 e:/stm32ide/stm32cubeide_1.7.0/stm32cubeide/plugins/com.st.stm32cube.ide.mcu.externaltools.gnu-tools-for-stm32.9-2020-q2-update.win32_2.0.0.202105311346/tools/bin/../lib/gcc/arm-none-eabi/9.3.1/../../../../arm-none-eabi/lib/thumb/v7e-m+fp/hard\libc_nano.a(lib_a-nano-mallocr.o)
 .ARM.attributes
                0x00000000000008c5       0x34 e:/stm32ide/stm32cubeide_1.7.0/stm32cubeide/plugins/com.st.stm32cube.ide.mcu.externaltools.gnu-tools-for-stm32.9-2020-q2-update.win32_2.0.0.202105311346/tools/bin/../lib/gcc/arm-none-eabi/9.3.1/../../../../arm-none-eabi/lib/thumb/v7e-m+fp/hard\libc_nano.a(lib_a-nano-vfprintf.o)
 .ARM.attributes
                0x00000000000008f9       0x34 e:/stm32ide/stm32cubeide_1.7.0/stm32cubeide/plugins/com.st.stm32cube.ide.mcu.externaltools.gnu-tools-for-stm32.9-2020-q2-update.win32_2.0.0.202105311346/tools/bin/../lib/gcc/arm-none-eabi/9.3.1/../../../../arm-none-eabi/lib/thumb/v7e-m+fp/hard\libc_nano.a(lib_a-nano-vfprintf_i.o)
 .ARM.attributes
                0x000000000000092d       0x34 e:/stm32ide/stm32cubeide_1.7.0/stm32cubeide/plugins/com.st.stm32cube.ide.mcu.externaltools.gnu-tools-for-stm32.9-2020-q2-update.win32_2.0.0.202105311346/tools/bin/../lib/gcc/arm-none-eabi/9.3.1/../../../../arm-none-eabi/lib/thumb/v7e-m+fp/hard\libc_nano.a(lib_a-sbrkr.o)
 .ARM.attributes
                0x0000000000000961       0x34 e:/stm32ide/stm32cubeide_1.7.0/stm32cubeide/plugins/com.st.stm32cube.ide.mcu.externaltools.gnu-tools-for-stm32.9-2020-q2-update.win32_2.0.0.202105311346/tools/bin/../lib/gcc/arm-none-eabi/9.3.1/../../../../arm-none-eabi/lib/thumb/v7e-m+fp/hard\libc_nano.a(lib_a-wbuf.o)
 .ARM.attributes