main.c:107:5:main	8	static
main.c:167:6:SystemClock_Config	88	static
main.c:205:6:system_init	8	static
main.c:215:6:test_LedDebug	8	static
main.c:222:5:isButtonStart	8	static
main.c:229:6:initGame	8	static
main.c:244:6:generateFood	8	static
main.c:249:6:drawSnake	32	static
main.c:257:6:drawFood	24	static
main.c:262:5:checkCollision	16	static
main.c:279:6:checkFood	8	static
main.c:286:6:moveSnake	16	static
main.c:303:6:playProcess	24	static
main.c:350:6:handleDirection	16	static
main.c:371:6:Error_Handler	4	static,ignoring_inline_asm
