main.c:107:5:main	8	static
main.c:169:6:SystemClock_Config	88	static
main.c:210:6:system_init	8	static
main.c:220:6:test_LedDebug	8	static
main.c:227:9:isButtonStart	8	static
main.c:232:6:initGame	8	static
main.c:244:6:generateFood	8	static
main.c:249:6:drawSnake	32	static
main.c:256:6:drawFood	24	static
main.c:261:5:checkCollision	16	static
main.c:278:6:checkFood	8	static
main.c:285:6:moveSnake	16	static
main.c:298:6:touchProcess	24	static
main.c:345:6:handleDirection	16	static
main.c:399:6:Error_Handler	4	static,ignoring_inline_asm
